Component: Arm Compiler for Embedded 6.21 Tool: armlink [5ec1fa00]

==============================================================================

Section Cross References

    startup_stm32l476xx.o(STACK) refers (Special) to heapauxi.o(.text) for __use_two_region_memory
    startup_stm32l476xx.o(HEAP) refers (Special) to heapauxi.o(.text) for __use_two_region_memory
    startup_stm32l476xx.o(RESET) refers (Special) to heapauxi.o(.text) for __use_two_region_memory
    startup_stm32l476xx.o(RESET) refers to startup_stm32l476xx.o(STACK) for __initial_sp
    startup_stm32l476xx.o(RESET) refers to startup_stm32l476xx.o(.text) for Reset_Handler
    startup_stm32l476xx.o(RESET) refers to stm32l4xx_it.o(.text.NMI_Handler) for NMI_Handler
    startup_stm32l476xx.o(RESET) refers to stm32l4xx_it.o(.text.HardFault_Handler) for HardFault_Handler
    startup_stm32l476xx.o(RESET) refers to stm32l4xx_it.o(.text.MemManage_Handler) for MemManage_Handler
    startup_stm32l476xx.o(RESET) refers to stm32l4xx_it.o(.text.BusFault_Handler) for BusFault_Handler
    startup_stm32l476xx.o(RESET) refers to stm32l4xx_it.o(.text.UsageFault_Handler) for UsageFault_Handler
    startup_stm32l476xx.o(RESET) refers to stm32l4xx_it.o(.text.SVC_Handler) for SVC_Handler
    startup_stm32l476xx.o(RESET) refers to stm32l4xx_it.o(.text.DebugMon_Handler) for DebugMon_Handler
    startup_stm32l476xx.o(RESET) refers to stm32l4xx_it.o(.text.PendSV_Handler) for PendSV_Handler
    startup_stm32l476xx.o(RESET) refers to stm32l4xx_it.o(.text.SysTick_Handler) for SysTick_Handler
    startup_stm32l476xx.o(.text) refers (Special) to heapauxi.o(.text) for __use_two_region_memory
    startup_stm32l476xx.o(.text) refers to system_stm32l4xx.o(.text.SystemInit) for SystemInit
    startup_stm32l476xx.o(.text) refers to __main.o(!!!main) for __main
    startup_stm32l476xx.o(.text) refers to startup_stm32l476xx.o(HEAP) for Heap_Mem
    startup_stm32l476xx.o(.text) refers to startup_stm32l476xx.o(STACK) for Stack_Mem
    network.o(.text.ai_network_get_info) refers to ai_platform_interface.o(i.ai_platform_context_acquire) for ai_platform_context_acquire
    network.o(.text.ai_network_get_info) refers to network.o(.rodata.str1.1) for .L.str
    network.o(.text.ai_network_get_info) refers to ai_platform_interface.o(i.ai_platform_runtime_get_revision) for ai_platform_runtime_get_revision
    network.o(.text.ai_network_get_info) refers to ai_platform_interface.o(i.ai_platform_runtime_get_version) for ai_platform_runtime_get_version
    network.o(.text.ai_network_get_info) refers to network.o(.rodata..L.str.4) for .L.str.4
    network.o(.text.ai_network_get_info) refers to ai_platform_interface.o(i.ai_platform_api_get_version) for ai_platform_api_get_version
    network.o(.text.ai_network_get_info) refers to ai_platform_interface.o(i.ai_platform_interface_api_get_version) for ai_platform_interface_api_get_version
    network.o(.text.ai_network_get_info) refers to rt_memclr_w.o(.text) for __aeabi_memclr8
    network.o(.text.ai_network_get_info) refers to ai_platform_interface.o(i.ai_platform_api_get_network_report) for ai_platform_api_get_network_report
    network.o(.text.ai_network_get_info) refers to rt_memcpy_w.o(.text) for __aeabi_memcpy8
    network.o(.ARM.exidx.text.ai_network_get_info) refers to network.o(.text.ai_network_get_info) for [Anonymous Symbol]
    network.o(.text.ai_network_get_report) refers to ai_platform_interface.o(i.ai_platform_context_acquire) for ai_platform_context_acquire
    network.o(.text.ai_network_get_report) refers to network.o(.rodata.str1.1) for .L.str
    network.o(.text.ai_network_get_report) refers to ai_platform_interface.o(i.ai_platform_runtime_get_revision) for ai_platform_runtime_get_revision
    network.o(.text.ai_network_get_report) refers to ai_platform_interface.o(i.ai_platform_runtime_get_version) for ai_platform_runtime_get_version
    network.o(.text.ai_network_get_report) refers to network.o(.rodata..L.str.4) for .L.str.4
    network.o(.text.ai_network_get_report) refers to ai_platform_interface.o(i.ai_platform_api_get_version) for ai_platform_api_get_version
    network.o(.text.ai_network_get_report) refers to ai_platform_interface.o(i.ai_platform_interface_api_get_version) for ai_platform_interface_api_get_version
    network.o(.text.ai_network_get_report) refers to rt_memclr_w.o(.text) for __aeabi_memclr8
    network.o(.text.ai_network_get_report) refers to ai_platform_interface.o(i.ai_platform_api_get_network_report) for ai_platform_api_get_network_report
    network.o(.text.ai_network_get_report) refers to rt_memcpy_w.o(.text) for __aeabi_memcpy8
    network.o(.ARM.exidx.text.ai_network_get_report) refers to network.o(.text.ai_network_get_report) for [Anonymous Symbol]
    network.o(.text.ai_network_get_error) refers to ai_platform_interface.o(i.ai_platform_network_get_error) for ai_platform_network_get_error
[...]
    _printf_pre_padding                      0x080003b9   Thumb Code    44  _printf_pad.o(.text)
    _printf_post_padding                     0x080003e5   Thumb Code    34  _printf_pad.o(.text)
    _printf_str                              0x08000407   Thumb Code    82  _printf_str.o(.text)
    _printf_int_hex                          0x08000459   Thumb Code    84  _printf_hex_int.o(.text)
    _printf_longlong_hex                     0x08000459   Thumb Code     0  _printf_hex_int.o(.text)
    __printf                                 0x080004b1   Thumb Code   308  __printf_flags_wp.o(.text)
    puts                                     0x080005f1   Thumb Code    40  puts.o(.text)
    memcmp                                   0x0800061d   Thumb Code    88  memcmp.o(.text)
    __aeabi_memcpy4                          0x08000675   Thumb Code     0  rt_memcpy_w.o(.text)
    __aeabi_memcpy8                          0x08000675   Thumb Code     0  rt_memcpy_w.o(.text)
    __rt_memcpy_w                            0x08000675   Thumb Code   100  rt_memcpy_w.o(.text)
    _memcpy_lastbytes_aligned                0x080006bd   Thumb Code     0  rt_memcpy_w.o(.text)
    __aeabi_memclr4                          0x080006d9   Thumb Code     0  rt_memclr_w.o(.text)
    __aeabi_memclr8                          0x080006d9   Thumb Code     0  rt_memclr_w.o(.text)
    __rt_memclr_w                            0x080006d9   Thumb Code     0  rt_memclr_w.o(.text)
    _memset_w                                0x080006dd   Thumb Code    74  rt_memclr_w.o(.text)
    __use_two_region_memory                  0x08000727   Thumb Code     2  heapauxi.o(.text)
    __rt_heap_escrow                         0x08000729   Thumb Code     2  heapauxi.o(.text)
    __rt_heap_expand                         0x0800072b   Thumb Code     2  heapauxi.o(.text)
    __rt_heap_descriptor                     0x0800072d   Thumb Code     8  rt_heap_descriptor_intlibspace.o(.text)
    __use_no_heap                            0x08000735   Thumb Code     2  hguard.o(.text)
    __heap$guard                             0x08000737   Thumb Code     2  hguard.o(.text)
    _terminate_user_alloc                    0x08000739   Thumb Code     2  init_alloc.o(.text)
    _init_user_alloc                         0x0800073b   Thumb Code     2  init_alloc.o(.text)
    __Heap_Full                              0x0800073d   Thumb Code    34  init_alloc.o(.text)
    __Heap_Broken                            0x0800075f   Thumb Code     6  init_alloc.o(.text)
    _init_alloc                              0x08000765   Thumb Code    94  init_alloc.o(.text)
    __Heap_Initialize                        0x080007c3   Thumb Code     8  h1_init.o(.text)
    __Heap_DescSize                          0x080007cb   Thumb Code     4  h1_init.o(.text)
    _printf_int_common                       0x080007cf   Thumb Code   178  _printf_intcommon.o(.text)
    _printf_cs_common                        0x08000881   Thumb Code    20  _printf_char.o(.text)
    _printf_char                             0x08000895   Thumb Code    16  _printf_char.o(.text)
    _printf_string                           0x080008a5   Thumb Code     8  _printf_char.o(.text)
    _printf_char_file                        0x080008ad   Thumb Code    32  _printf_char_file.o(.text)
    __user_libspace                          0x080008d1   Thumb Code     8  libspace.o(.text)
    __user_perproc_libspace                  0x080008d1   Thumb Code     0  libspace.o(.text)
    __user_perthread_libspace                0x080008d1   Thumb Code     0  libspace.o(.text)
    __aeabi_errno_addr                       0x080008d9   Thumb Code     8  rt_errno_addr_intlibspace.o(.text)
    __errno$intlibspace                      0x080008d9   Thumb Code     0  rt_errno_addr_intlibspace.o(.text)
    __rt_errno_addr$intlibspace              0x080008d9   Thumb Code     0  rt_errno_addr_intlibspace.o(.text)
    __Heap_ProvideMemory                     0x080008e1   Thumb Code    52  h1_extend.o(.text)
    _maybe_terminate_alloc                   0x080008e1   Thumb Code     0  maybetermalloc1.o(.text)
    _printf_char_common                      0x0800091f   Thumb Code    32  _printf_char_common.o(.text)
    ferror                                   0x08000945   Thumb Code     8  ferror.o(.text)
    __flsbuf                                 0x0800094d   Thumb Code   482  flsbuf.o(.text)
    __flsbuf_byte                            0x0800094d   Thumb Code     0  flsbuf.o(.text)
    __flsbuf_wide                            0x0800094d   Thumb Code     0  flsbuf.o(.text)
    _initio                                  0x08000b35   Thumb Code   210  initio.o(.text)
    _terminateio                             0x08000c07   Thumb Code    56  initio.o(.text)
    __rt_SIGRTMEM                            0x08000c6d   Thumb Code    14  defsig_rtmem_outer.o(.text)
    _sys_open                                0x08000c7b   Thumb Code    20  sys_io.o(.text)
    _sys_close                               0x08000c8f   Thumb Code    12  sys_io.o(.text)
    _sys_write                               0x08000c9b   Thumb Code    16  sys_io.o(.text)
    _sys_read                                0x08000cab   Thumb Code    14  sys_io.o(.text)
    _sys_istty                               0x08000cb9   Thumb Code    12  sys_io.o(.text)
    _sys_seek                                0x08000cc5   Thumb Code    14  sys_io.o(.text)
    _sys_ensure                              0x08000cd3   Thumb Code     2  sys_io.o(.text)
    _sys_flen                                0x08000cd5   Thumb Code    12  sys_io.o(.text)
    __I$use$semihosting                      0x08000ce1   Thumb Code     0  use_no_semi.o(.text)
    __use_no_semihosting_swi                 0x08000ce1   Thumb Code     2  use_no_semi.o(.text)
    __semihosting_library_function           0x08000ce3   Thumb Code     0  indicate_semi.o(.text)
    __user_setup_stackheap                   0x08000ce3   Thumb Code    74  sys_stackheap_outer.o(.text)
    setvbuf                                  0x08000d2d   Thumb Code    70  setvbuf.o(.text)
    _seterr                                  0x08000d75   Thumb Code    20  stdio.o(.text)
    _writebuf                                0x08000d89   Thumb Code   108  stdio.o(.text)
    _fflush                                  0x08000df5   Thumb Code    70  stdio.o(.text)
    _deferredlazyseek                        0x08000e3b   Thumb Code    60  stdio.o(.text)
    freopen                                  0x08000e85   Thumb Code   160  fopen.o(.text)
    fopen                                    0x08000f25   Thumb Code    74  fopen.o(.text)
    _fclose_internal                         0x08000f75   Thumb Code    76  fclose.o(.text)
    fclose                                   0x08000f75   Thumb Code     0  fclose.o(.text)
    exit                                     0x08000fc1   Thumb Code    18  exit.o(.text)
    __sig_exit                               0x08000fd3   Thumb Code    10  defsig_exit.o(.text)
    __rt_SIGRTRED                            0x08000fdd   Thumb Code    14  defsig_rtred_outer.o(.text)
    __rt_SIGRTMEM_inner                      0x08000fed   Thumb Code    22  defsig_rtmem_inner.o(.text)
    _sys_exit                                0x0800103d   Thumb Code     8  sys_exit.o(.text)
    _fseek                                   0x08001049   Thumb Code   242  fseek.o(.text)
    fseek                                    0x08001049   Thumb Code     0  fseek.o(.text)
    __default_signal_display                 0x08001141   Thumb Code    50  defsig_general.o(.text)
    __rt_SIGRTRED_inner                      0x08001175   Thumb Code    14  defsig_rtred_inner.o(.text)
    strlen                                   0x080011a9   Thumb Code    62  strlen.o(.text)
    _ttywrch                                 0x080011e7   Thumb Code    14  sys_wrch.o(.text)
    _ftell_internal                          0x080011f5   Thumb Code    66  ftell.o(.text)
    ftell                                    0x080011f5   Thumb Code     0  ftell.o(.text)
    BusFault_Handler                         0x08001239   Thumb Code     2  stm32l4xx_it.o(.text.BusFault_Handler)
    DebugMon_Handler                         0x0800123d   Thumb Code     2  stm32l4xx_it.o(.text.DebugMon_Handler)
    HAL_GetTick                              0x08001241   Thumb Code    12  stm32l4xx_hal.o(.text.HAL_GetTick)
    HAL_IncTick                              0x0800124d   Thumb Code    26  stm32l4xx_hal.o(.text.HAL_IncTick)
    HAL_Init                                 0x08001269   Thumb Code    46  stm32l4xx_hal.o(.text.HAL_Init)
    HAL_InitTick                             0x08001299   Thumb Code    76  stm32l4xx_hal.o(.text.HAL_InitTick)
    HAL_MspInit                              0x080012e5   Thumb Code    50  stm32l4xx_hal_msp.o(.text.HAL_MspInit)
    HAL_NVIC_SetPriority                     0x08001319   Thumb Code    86  stm32l4xx_hal_cortex.o(.text.HAL_NVIC_SetPriority)
    HAL_NVIC_SetPriorityGrouping             0x08001371   Thumb Code    32  stm32l4xx_hal_cortex.o(.text.HAL_NVIC_SetPriorityGrouping)
    HAL_PWREx_ControlVoltageScaling          0x08001391   Thumb Code   140  stm32l4xx_hal_pwr_ex.o(.text.HAL_PWREx_ControlVoltageScaling)
    HAL_PWREx_GetVoltageRange                0x0800141d   Thumb Code    16  stm32l4xx_hal_pwr_ex.o(.text.HAL_PWREx_GetVoltageRange)
    HAL_RCC_ClockConfig                      0x0800142d   Thumb Code   634  stm32l4xx_hal_rcc.o(.text.HAL_RCC_ClockConfig)
    HAL_RCC_OscConfig                        0x080016a9   Thumb Code  1936  stm32l4xx_hal_rcc.o(.text.HAL_RCC_OscConfig)
    HAL_SYSTICK_Config                       0x08001e39   Thumb Code    44  stm32l4xx_hal_cortex.o(.text.HAL_SYSTICK_Config)
    HardFault_Handler                        0x08001e65   Thumb Code     2  stm32l4xx_it.o(.text.HardFault_Handler)
    MX_X_CUBE_AI_Init                        0x08001e69   Thumb Code    96  app_x-cube-ai.o(.text.MX_X_CUBE_AI_Init)
    MX_X_CUBE_AI_Process                     0x08001f05   Thumb Code    88  app_x-cube-ai.o(.text.MX_X_CUBE_AI_Process)
    MemManage_Handler                        0x08001f9d   Thumb Code     2  stm32l4xx_it.o(.text.MemManage_Handler)
    NMI_Handler                              0x08001fa1   Thumb Code     2  stm32l4xx_it.o(.text.NMI_Handler)
    PendSV_Handler                           0x08001fa5   Thumb Code     2  stm32l4xx_it.o(.text.PendSV_Handler)
    SVC_Handler                              0x08001fa9   Thumb Code     2  stm32l4xx_it.o(.text.SVC_Handler)
    SysTick_Handler                          0x08001fad   Thumb Code     4  stm32l4xx_it.o(.text.SysTick_Handler)
    SystemInit                               0x08001fb1   Thumb Code    18  system_stm32l4xx.o(.text.SystemInit)
    UsageFault_Handler                       0x08001fc5   Thumb Code     2  stm32l4xx_it.o(.text.UsageFault_Handler)
    ai_network_create_and_init               0x08001fc9   Thumb Code   170  network.o(.text.ai_network_create_and_init)
    ai_network_data_params_get               0x08002075   Thumb Code    56  network_data.o(.text.ai_network_data_params_get)
    ai_network_get_error                     0x080020ad   Thumb Code     4  network.o(.text.ai_network_get_error)
    ai_network_init                          0x080020b1   Thumb Code   412  network.o(.text.ai_network_init)
    ai_network_inputs_get                    0x08002255   Thumb Code    30  network.o(.text.ai_network_inputs_get)
    ai_network_outputs_get                   0x08002275   Thumb Code    30  network.o(.text.ai_network_outputs_get)
    ai_network_run                           0x08002295   Thumb Code     4  network.o(.text.ai_network_run)
    main                                     0x08002299   Thumb Code   134  main.o(.text.main)
    st_sssa8_ch_nn_mat_mult_deep_conv2d_3x3  0x08010001   Thumb Code     0  st_sssa8_ch_nn_mat_mult_deep_conv2d_3x3.o(.text.st_sssa8_ch_nn_mat_mult_deep_conv2d_3x3)
    st_sssa8_ch_nn_mat_mult_kernel_opt       0x08010b37   Thumb Code     0  st_sssa8_ch_nn_mat_mult_kernel_opt.o(.text.st_sssa8_ch_nn_mat_mult_kernel_opt)
    st_sssa8_dense_loop                      0x08010e81   Thumb Code     0  st_sssa8_dense_loop.o(.text.st_sssa8_dense_memopt_loop)
    st_sssa8_dense_memopt_loop               0x08011231   Thumb Code     0  st_sssa8_dense_loop.o(.text.st_sssa8_dense_memopt_loop)
    _is_digit                                0x08011733   Thumb Code    14  __printf_wp.o(i._is_digit)
    ai_array_get_byte_size                   0x08011b6d   Thumb Code    40  ai_datatypes_format.o(i.ai_array_get_byte_size)
    ai_array_get_data_byte_size              0x08011b95   Thumb Code    30  ai_datatypes_format.o(i.ai_array_get_data_byte_size)
    ai_array_to_buffer_fmt                   0x08011bb5   Thumb Code   248  ai_datatypes_format.o(i.ai_array_to_buffer_fmt)
    ai_buffer_array_item_set_address         0x08011ce1   Thumb Code    36  ai_platform.o(i.ai_buffer_array_item_set_address)
    ai_buffer_array_sane                     0x08011d05   Thumb Code    18  ai_platform.o(i.ai_buffer_array_sane)
    ai_buffer_get_size                       0x08011d19   Thumb Code    96  ai_platform.o(i.ai_buffer_get_size)
    ai_check_custom_types                    0x08011d81   Thumb Code    38  layers.o(i.ai_check_custom_types)
    ai_layers_forward_all                    0x08011dad   Thumb Code    80  layers.o(i.ai_layers_forward_all)
    ai_layers_init_all                       0x08011dfd   Thumb Code    30  layers.o(i.ai_layers_init_all)
    ai_layers_post_init_all                  0x08011e1b   Thumb Code    54  layers.o(i.ai_layers_post_init_all)
    ai_padding_opt_init                      0x08011e51   Thumb Code   174  st_padding_opt.o(i.ai_padding_opt_init)
    ai_padding_opt_phase1                    0x08011eff   Thumb Code    52  st_padding_opt.o(i.ai_padding_opt_phase1)
    ai_platform_bind_network_params          0x08011f59   Thumb Code    38  ai_platform_interface.o(i.ai_platform_bind_network_params)
    ai_platform_context_acquire              0x08011f85   Thumb Code    14  ai_platform_interface.o(i.ai_platform_context_acquire)
    ai_platform_get_activations_map          0x08011f99   Thumb Code    38  ai_platform_interface.o(i.ai_platform_get_activations_map)
    ai_platform_get_weights_map              0x08011fc5   Thumb Code    36  ai_platform_interface.o(i.ai_platform_get_weights_map)
    ai_platform_inputs_get                   0x08011fed   Thumb Code    66  ai_platform_interface.o(i.ai_platform_inputs_get)
    ai_platform_network_create               0x08012031   Thumb Code   146  ai_platform_interface.o(i.ai_platform_network_create)
    ai_platform_network_get_error            0x080120d5   Thumb Code    24  ai_platform_interface.o(i.ai_platform_network_get_error)
    ai_platform_network_init                 0x080120f1   Thumb Code   262  ai_platform_interface.o(i.ai_platform_network_init)
    ai_platform_network_post_init            0x08012211   Thumb Code    76  ai_platform_interface.o(i.ai_platform_network_post_init)
    ai_platform_network_process              0x08012261   Thumb Code    84  ai_platform_interface.o(i.ai_platform_network_process)
    ai_platform_network_set_error            0x080122b5   Thumb Code    12  ai_platform_interface.o(i.ai_platform_network_set_error)
    ai_platform_outputs_get                  0x080122c1   Thumb Code    72  ai_platform_interface.o(i.ai_platform_outputs_get)
    ai_version_get                           0x0801232d   Thumb Code    12  ai_datatypes_internal.o(i.ai_version_get)
    align_factor                             0x08012339   Thumb Code   140  st_align_factor.o(i.align_factor)
    align_factor_ch                          0x080123cd   Thumb Code    76  st_align_factor.o(i.align_factor_ch)
    core_array_clone                         0x08012419   Thumb Code    10  core_utils.o(i.core_array_clone)
    core_get_error                           0x08012423   Thumb Code    12  core_common.o(i.core_get_error)
    core_init                                0x0801242f   Thumb Code     4  core_common.o(i.core_init)
    core_set_error                           0x08012451   Thumb Code    26  core_common.o(i.core_set_error)
    core_tensor_clone                        0x0801246b   Thumb Code    92  core_utils.o(i.core_tensor_clone)
    forward_conv2d_deep_3x3_sssa8_ch_nl_pool 0x080124c9   Thumb Code  1260  layers_conv2d_sssa8_ch.o(i.forward_conv2d_deep_3x3_sssa8_ch_nl_pool)
    forward_conv2d_sssa8_ch_nl_pool          0x080129bd   Thumb Code  1310  layers_conv2d_sssa8_ch.o(i.forward_conv2d_sssa8_ch_nl_pool)
    forward_dense_integer_SSSA               0x08012ee1   Thumb Code   370  layers_conv2d_stm32_integer.o(i.forward_dense_integer_SSSA)
    forward_lite_avepool_is8os8              0x08013059   Thumb Code    80  forward_lite_avepool_is8os8.o(i.forward_lite_avepool_is8os8)
    forward_lite_conv2d_deep_3x3_sssa8_ch    0x080130af   Thumb Code   238  forward_lite_conv2d_sssa8_ch.o(i.forward_lite_conv2d_deep_3x3_sssa8_ch)
    forward_lite_conv2d_sssa8_ch             0x080131a5   Thumb Code  1726  forward_lite_conv2d_sssa8_ch.o(i.forward_lite_conv2d_sssa8_ch)
    forward_lite_dense_is8os8ws8             0x08013869   Thumb Code   110  forward_lite_dense_is8os8ws8.o(i.forward_lite_dense_is8os8ws8)
    forward_lite_maxpool_is8os8_scaleneg     0x080138dd   Thumb Code   312  forward_lite_maxpool_is8os8.o(i.forward_lite_maxpool_is8os8_scaleneg)
    forward_lite_maxpool_is8os8_scalepos     0x08013a21   Thumb Code   316  forward_lite_maxpool_is8os8_scalepos.o(i.forward_lite_maxpool_is8os8_scalepos)
    forward_lite_pad_8bit_ch1st_3x3_constant_P0022 0x08013b67   Thumb Code    72  forward_lite_pad_generic.o(i.forward_lite_pad_8bit_ch1st_3x3_constant_P0022)
    forward_lite_pad_8bit_ch1st_3x3_constant_P1111 0x08013bb5   Thumb Code   280  forward_lite_pad_generic.o(i.forward_lite_pad_8bit_ch1st_3x3_constant_P1111)
    forward_lite_pad_constant                0x08013cd3   Thumb Code   232  forward_lite_pad_generic.o(i.forward_lite_pad_constant)
    forward_lite_pad_edge                    0x08013dcb   Thumb Code   168  forward_lite_pad_generic.o(i.forward_lite_pad_edge)
    forward_lite_pad_reflect                 0x08013e79   Thumb Code   234  forward_lite_pad_generic.o(i.forward_lite_pad_reflect)
    forward_nl_integer                       0x08013f69   Thumb Code    98  layers_nl_stm32_integer.o(i.forward_nl_integer)
    forward_pad                              0x08013fcb   Thumb Code    34  layers_generic_float.o(i.forward_pad)
    forward_pad_8bit_ch1st_3x3_constant      0x08013fed   Thumb Code   174  layers_pad_generic.o(i.forward_pad_8bit_ch1st_3x3_constant)
    forward_pad_constant                     0x080140a1   Thumb Code   180  layers_pad_generic.o(i.forward_pad_constant)
    forward_pad_edge                         0x0801415b   Thumb Code   152  layers_pad_generic.o(i.forward_pad_edge)
    forward_pad_reflect                      0x080141f3   Thumb Code   202  layers_pad_generic.o(i.forward_pad_reflect)
    fputc                                    0x080142c3   Thumb Code    28  fputc.o(i.fputc)
    get_tensor_byte_size                     0x080142e1   Thumb Code    34  ai_datatypes_internal.o(i.get_tensor_byte_size)
    nl_func_array_integer                    0x08014309   Thumb Code    60  layers_nl_stm32_integer.o(i.nl_func_array_integer)
    pool_func_ap_array_integer_INT8          0x08014345   Thumb Code   200  layers_pool_stm32_integer.o(i.pool_func_ap_array_integer_INT8)
    pool_func_mp_array_integer_INT8          0x08014413   Thumb Code   208  layers_pool_stm32_integer.o(i.pool_func_mp_array_integer_INT8)
    st_int16_fill                            0x080144e9   Thumb Code    56  st_int16_fill.o(i.st_int16_fill)
    st_int8_avepool                          0x08014521   Thumb Code   334  st_int8_pool.o(i.st_int8_avepool)
    st_int8_copy                             0x0801467d   Thumb Code   144  st_int8_fill.o(i.st_int8_copy)
    st_int8_fill                             0x0801470d   Thumb Code   100  st_int8_fill.o(i.st_int8_fill)
    st_int8_reordered_no_shift_zero          0x08014771   Thumb Code    82  st_int8_reordered_no_shift.o(i.st_int8_reordered_no_shift_zero)
    st_int8_to16_dual                        0x080147c5   Thumb Code   606  st_int8_to16_no_shift.o(i.st_int8_to16_dual)
    st_int8_to16_dual_interleaved            0x08014a29   Thumb Code   490  st_int8_to16_no_shift.o(i.st_int8_to16_dual_interleaved)
    st_int8_to16_no_shift                    0x08014c19   Thumb Code   264  st_int8_to16_no_shift.o(i.st_int8_to16_no_shift)
    st_int8_to16_no_shift_interleaved        0x08014d21   Thumb Code   192  st_int8_to16_no_shift.o(i.st_int8_to16_no_shift_interleaved)
    st_sssa8_ch_convolve_rank1upd            0x08014de1   Thumb Code   164  st_sssa8_ch_convolve.o(i.st_sssa8_ch_convolve_rank1upd)
    st_sssa8_ch_nn_mat_mult_kernel_single_opt 0x08014e8d   Thumb Code   624  st_sssa8_ch_nn_mat_mult_kernel_single_opt.o(i.st_sssa8_ch_nn_mat_mult_kernel_single_opt)
    st_sssa8_fully_connected                 0x08015105   Thumb Code   662  st_sssa8_dense.o(i.st_sssa8_fully_connected)
    __fpl_fnaninf                            0x080153a1   Thumb Code   140  fnaninf.o(x$fpl$fnaninf)
    _fp_init                                 0x0801542d   Thumb Code    26  fpinit.o(x$fpl$fpinit)
    __fplib_config_fpu_vfp                   0x08015445   Thumb Code     0  fpinit.o(x$fpl$fpinit)
    __fplib_config_pureend_doubles           0x08015445   Thumb Code     0  fpinit.o(x$fpl$fpinit)
    __aeabi_f2lz                             0x08015449   Thumb Code     0  ffixll.o(x$fpl$llsfromf)
    _ll_sfrom_f                              0x08015449   Thumb Code   134  ffixll.o(x$fpl$llsfromf)
    __I$use$fp                               0x080154ce   Number         0  usenofp.o(x$fpl$usenofp)
    __stdin_name                             0x08015661   Data           4  sys_io_names.o(.constdata)
    __stdout_name                            0x08015665   Data           4  sys_io_names.o(.constdata)
    __stderr_name                            0x08015669   Data           4  sys_io_names.o(.constdata)
    AHBPrescTable                            0x08015834   Data          16  system_stm32l4xx.o(.rodata.AHBPrescTable)
    MSIRangeTable                            0x08015844   Data          48  system_stm32l4xx.o(.rodata.MSIRangeTable)
    s_network_weights_array_u64              0x08015a40   Data        4904  network_data_params.o(.rodata.s_network_weights_array_u64)
    Region$$Table$$Base                      0x08016da4   Number         0  anon$$obj.o(Region$$Table)
    Region$$Table$$Limit                     0x08016dc4   Number         0  anon$$obj.o(Region$$Table)
    __aeabi_stdin                            0x20000000   Data           4  stdio_streams.o(.data)
    __aeabi_stdout                           0x20000004   Data           4  stdio_streams.o(.data)
    __aeabi_stderr                           0x20000008   Data           4  stdio_streams.o(.data)
    uwTickFreq                               0x2000007c   Data           1  stm32l4xx_hal.o(.data..L_MergedGlobals)
    uwTickPrio                               0x20000080   Data           4  stm32l4xx_hal.o(.data..L_MergedGlobals)
    SystemCoreClock                          0x2000069c   Data           4  system_stm32l4xx.o(.data.SystemCoreClock)
    data_activations0                        0x200009bc   Data           4  app_x-cube-ai.o(.data.data_activations0)
    g_network_data_map_activations           0x20000a0c   Data          28  network_data.o(.data.g_network_data_map_activations)
    g_network_data_map_weights               0x20000a28   Data          28  network_data.o(.data.g_network_data_map_weights)
    __stdin                                  0x20000b40   Data          84  stdio_streams.o(.bss)
    __stdout                                 0x20000b94   Data          84  stdio_streams.o(.bss)
    __stderr                                 0x20000be8   Data          84  stdio_streams.o(.bss)
    __libspace_start                         0x20000c3c   Data          96  libspace.o(.bss)
    __temporary_stack_top$libspace           0x20000c9c   Data           0  libspace.o(.bss)
    data_ins                                 0x20000c9c   Data           4  app_x-cube-ai.o(.bss..L_MergedGlobals)
    data_outs                                0x20000ca0   Data           4  app_x-cube-ai.o(.bss..L_MergedGlobals)
    uwTick                                   0x20004f28   Data           4  stm32l4xx_hal.o(.bss.uwTick)



==============================================================================

Memory Map of the image

  Image Entry point : 0x08000189

  Load Region LR_IROM1 (Base: 0x08000000, Size: 0x00017920, Max: 0x00100000, ABSOLUTE, COMPRESSED[0x00017240])

    Execution Region ER_IROM1 (Exec base: 0x08000000, Load base: 0x08000000, Size: 0x00016dc4, Max: 0x00100000, ABSOLUTE)

    Exec Addr    Load Addr    Size         Type   Attr      Idx    E Section Name        Object

    0x08000000   0x08000000   0x00000188   Data   RO            3    RESET               startup_stm32l476xx.o
    0x08000188   0x08000188   0x00000008   Code   RO         2812  * !!!main             c_w.l(__main.o)
    0x08000190   0x08000190   0x0000005c   Code   RO         3221    !!!scatter          c_w.l(__scatter.o)
    0x080001ec   0x080001ec   0x0000005a   Code   RO         3219    !!dczerorl2         c_w.l(__dczerorl2.o)
    0x08000246   0x08000246   0x00000002   PAD
    0x08000248   0x08000248   0x00000002   Code   RO         3222    !!handler_null      c_w.l(__scatter.o)
    0x0800024a   0x0800024a   0x00000002   PAD
    0x0800024c   0x0800024c   0x0000001c   Code   RO         3225    !!handler_zi        c_w.l(__scatter_zi.o)
    0x08000268   0x08000268   0x00000000   Code   RO         2801    .ARM.Collect$$_printf_percent$$00000000  c_w.l(_printf_percent.o)
    0x08000268   0x08000268   0x00000006   Code   RO         2800    .ARM.Collect$$_printf_percent$$0000000C  c_w.l(_printf_x.o)
    0x0800026e   0x0800026e   0x00000006   Code   RO         2799    .ARM.Collect$$_printf_percent$$00000014  c_w.l(_printf_s.o)
    0x08000274   0x08000274   0x00000004   Code   RO         2925    .ARM.Collect$$_printf_percent$$00000017  c_w.l(_printf_percent_end.o)
    0x08000278   0x08000278   0x00000002   Code   RO         3138    .ARM.Collect$$libinit$$00000000  c_w.l(libinit.o)
    0x0800027a   0x0800027a   0x00000004   Code   RO         2940    .ARM.Collect$$libinit$$00000001  c_w.l(libinit2.o)
    0x0800027e   0x0800027e   0x00000000   Code   RO         2943    .ARM.Collect$$libinit$$00000004  c_w.l(libinit2.o)
    0x0800027e   0x0800027e   0x00000000   Code   RO         2945    .ARM.Collect$$libinit$$00000006  c_w.l(libinit2.o)
    0x0800027e   0x0800027e   0x00000008   Code   RO         2946    .ARM.Collect$$libinit$$00000007  c_w.l(libinit2.o)
    0x08000286   0x08000286   0x00000000   Code   RO         2948    .ARM.Collect$$libinit$$0000000C  c_w.l(libinit2.o)
    0x08000286   0x08000286   0x00000000   Code   RO         2950    .ARM.Collect$$libinit$$0000000E  c_w.l(libinit2.o)
    0x08000286   0x08000286   0x00000000   Code   RO         2952    .ARM.Collect$$libinit$$00000010  c_w.l(libinit2.o)
    0x08000286   0x08000286   0x00000000   Code   RO         2955    .ARM.Collect$$libinit$$00000013  c_w.l(libinit2.o)
    0x08000286   0x08000286   0x00000000   Code   RO         2957    .ARM.Collect$$libinit$$00000015  c_w.l(libinit2.o)
    0x08000286   0x08000286   0x00000000   Code   RO         2959    .ARM.Collect$$libinit$$00000017  c_w.l(libinit2.o)
    0x08000286   0x08000286   0x00000000   Code   RO         2961    .ARM.Collect$$libinit$$00000019  c_w.l(libinit2.o)
    0x08000286   0x08000286   0x00000000   Code   RO         2963    .ARM.Collect$$libinit$$0000001B  c_w.l(libinit2.o)
    0x08000286   0x08000286   0x00000000   Code   RO         2965    .ARM.Collect$$libinit$$0000001D  c_w.l(libinit2.o)
    0x08000286   0x08000286   0x00000000   Code   RO         2967    .ARM.Collect$$libinit$$0000001F  c_w.l(libinit2.o)
    0x08000286   0x08000286   0x00000000   Code   RO         2969    .ARM.Collect$$libinit$$00000021  c_w.l(libinit2.o)
    0x08000286   0x08000286   0x00000000   Code   RO         2971    .ARM.Collect$$libinit$$00000023  c_w.l(libinit2.o)
    0x08000286   0x08000286   0x00000000   Code   RO         2973    .ARM.Collect$$libinit$$00000025  c_w.l(libinit2.o)
    0x08000286   0x08000286   0x00000004   Code   RO         2974    .ARM.Collect$$libinit$$00000026  c_w.l(libinit2.o)
    0x0800028a   0x0800028a   0x00000000   Code   RO         2975    .ARM.Collect$$libinit$$00000027  c_w.l(libinit2.o)
    0x0800028a   0x0800028a   0x00000000   Code   RO         2979    .ARM.Collect$$libinit$$0000002E  c_w.l(libinit2.o)
    0x0800028a   0x0800028a   0x00000000   Code   RO         2981    .ARM.Collect$$libinit$$00000030  c_w.l(libinit2.o)
    0x0800028a   0x0800028a   0x00000000   Code   RO         2983    .ARM.Collect$$libinit$$00000032  c_w.l(libinit2.o)
    0x0800028a   0x0800028a   0x00000000   Code   RO         2985    .ARM.Collect$$libinit$$00000034  c_w.l(libinit2.o)
    0x0800028a   0x0800028a   0x00000002   Code   RO         2986    .ARM.Collect$$libinit$$00000035  c_w.l(libinit2.o)
    0x0800028c   0x0800028c   0x00000002   Code   RO         3216    .ARM.Collect$$libshutdown$$00000000  c_w.l(libshutdown.o)
    0x0800028e   0x0800028e   0x00000000   Code   RO         3140    .ARM.Collect$$libshutdown$$00000002  c_w.l(libshutdown2.o)
    0x0800028e   0x0800028e   0x00000004   Code   RO         3141    .ARM.Collect$$libshutdown$$00000003  c_w.l(libshutdown2.o)
    0x08000292   0x08000292   0x00000000   Code   RO         3142    .ARM.Collect$$libshutdown$$00000004  c_w.l(libshutdown2.o)
    0x08000292   0x08000292   0x00000000   Code   RO         3145    .ARM.Collect$$libshutdown$$00000007  c_w.l(libshutdown2.o)
    0x08000292   0x08000292   0x00000000   Code   RO         3148    .ARM.Collect$$libshutdown$$0000000A  c_w.l(libshutdown2.o)
    0x08000292   0x08000292   0x00000000   Code   RO         3150    .ARM.Collect$$libshutdown$$0000000C  c_w.l(libshutdown2.o)
    0x08000292   0x08000292   0x00000000   Code   RO         3153    .ARM.Collect$$libshutdown$$0000000F  c_w.l(libshutdown2.o)
    0x08000292   0x08000292   0x00000002   Code   RO         3154    .ARM.Collect$$libshutdown$$00000010  c_w.l(libshutdown2.o)
    0x08000294   0x08000294   0x00000000   Code   RO         2887    .ARM.Collect$$rtentry$$00000000  c_w.l(__rtentry.o)
    0x08000294   0x08000294   0x00000000   Code   RO         3020    .ARM.Collect$$rtentry$$00000002  c_w.l(__rtentry2.o)
    0x08000294   0x08000294   0x00000006   Code   RO         3032    .ARM.Collect$$rtentry$$00000004  c_w.l(__rtentry4.o)
    0x0800029a   0x0800029a   0x00000000   Code   RO         3022    .ARM.Collect$$rtentry$$00000009  c_w.l(__rtentry2.o)
    0x0800029a   0x0800029a   0x00000004   Code   RO         3023    .ARM.Collect$$rtentry$$0000000A  c_w.l(__rtentry2.o)
    0x0800029e   0x0800029e   0x00000000   Code   RO         3025    .ARM.Collect$$rtentry$$0000000C  c_w.l(__rtentry2.o)
    0x0800029e   0x0800029e   0x00000008   Code   RO         3026    .ARM.Collect$$rtentry$$0000000D  c_w.l(__rtentry2.o)
    0x080002a6   0x080002a6   0x00000002   Code   RO         3159    .ARM.Collect$$rtexit$$00000000  c_w.l(rtexit.o)
    0x080002a8   0x080002a8   0x00000000   Code   RO         3192    .ARM.Collect$$rtexit$$00000002  c_w.l(rtexit2.o)
    0x080002a8   0x080002a8   0x00000004   Code   RO         3193    .ARM.Collect$$rtexit$$00000003  c_w.l(rtexit2.o)
    0x080002ac   0x080002ac   0x00000006   Code   RO         3194    .ARM.Collect$$rtexit$$00000004  c_w.l(rtexit2.o)
    0x080002b2   0x080002b2   0x00000002   PAD
    0x080002b4   0x080002b4   0x00000040   Code   RO            4    .text               startup_stm32l476xx.o
    0x080002f4   0x080002f4   0x0000005e   Code   RO         2684    .text               c_w.l(h1_alloc.o)
    0x08000352   0x08000352   0x0000004e   Code   RO         2686    .text               c_w.l(h1_free.o)
    0x080003a0   0x080003a0   0x00000018   Code   RO         2750    .text               c_w.l(noretval__2printf.o)
    0x080003b8   0x080003b8   0x0000004e   Code   RO         2754    .text               c_w.l(_printf_pad.o)
    0x08000406   0x08000406   0x00000052   Code   RO         2756    .text               c_w.l(_printf_str.o)
    0x08000458   0x08000458   0x00000058   Code   RO         2761    .text               c_w.l(_printf_hex_int.o)
    0x080004b0   0x080004b0   0x0000013e   Code   RO         2791    .text               c_w.l(__printf_flags_wp.o)
    0x080005ee   0x080005ee   0x00000002   PAD
    0x080005f0   0x080005f0   0x0000002c   Code   RO         2802    .text               c_w.l(puts.o)
    0x0800061c   0x0800061c   0x00000058   Code   RO         2804    .text               c_w.l(memcmp.o)
    0x08000674   0x08000674   0x00000064   Code   RO         2806    .text               c_w.l(rt_memcpy_w.o)
    0x080006d8   0x080006d8   0x0000004e   Code   RO         2808    .text               c_w.l(rt_memclr_w.o)
    0x08000726   0x08000726   0x00000006   Code   RO         2810    .text               c_w.l(heapauxi.o)
    0x0800072c   0x0800072c   0x00000008   Code   RO         2895    .text               c_w.l(rt_heap_descriptor_intlibspace.o)
    0x08000734   0x08000734   0x00000004   Code   RO         2897    .text               c_w.l(hguard.o)
    0x08000738   0x08000738   0x0000008a   Code   RO         2899    .text               c_w.l(init_alloc.o)
    0x080007c2   0x080007c2   0x0000000c   Code   RO         2903    .text               c_w.l(h1_init.o)
    0x080007ce   0x080007ce   0x000000b2   Code   RO         2919    .text               c_w.l(_printf_intcommon.o)
    0x08000880   0x08000880   0x0000002c   Code   RO         2921    .text               c_w.l(_printf_char.o)
    0x080008ac   0x080008ac   0x00000024   Code   RO         2923    .text               c_w.l(_printf_char_file.o)
    0x080008d0   0x080008d0   0x00000008   Code   RO         3016    .text               c_w.l(libspace.o)
    0x080008d8   0x080008d8   0x00000008   Code   RO         3039    .text               c_w.l(rt_errno_addr_intlibspace.o)
    0x080008e0   0x080008e0   0x00000000   Code   RO         3043    .text               c_w.l(maybetermalloc1.o)
    0x080008e0   0x080008e0   0x00000034   Code   RO         3045    .text               c_w.l(h1_extend.o)
    0x08000914   0x08000914   0x00000030   Code   RO         3049    .text               c_w.l(_printf_char_common.o)
    0x08000944   0x08000944   0x00000008   Code   RO         3051    .text               c_w.l(ferror.o)
    0x0800094c   0x0800094c   0x000001e8   Code   RO         3053    .text               c_w.l(flsbuf.o)
    0x08000b34   0x08000b34   0x00000138   Code   RO         3055    .text               c_w.l(initio.o)
    0x08000c6c   0x08000c6c   0x0000000e   Code   RO         3061    .text               c_w.l(defsig_rtmem_outer.o)
    0x08000c7a   0x08000c7a   0x00000066   Code   RO         3074    .text               c_w.l(sys_io.o)
    0x08000ce0   0x08000ce0   0x00000002   Code   RO         3081    .text               c_w.l(use_no_semi.o)
    0x08000ce2   0x08000ce2   0x00000000   Code   RO         3083    .text               c_w.l(indicate_semi.o)
    0x08000ce2   0x08000ce2   0x0000004a   Code   RO         3084    .text               c_w.l(sys_stackheap_outer.o)
    0x08000d2c   0x08000d2c   0x00000046   Code   RO         3094    .text               c_w.l(setvbuf.o)
    0x08000d72   0x08000d72   0x00000002   PAD
    0x08000d74   0x08000d74   0x0000010e   Code   RO         3096    .text               c_w.l(stdio.o)
    0x08000e82   0x08000e82   0x00000002   PAD
    0x08000e84   0x08000e84   0x000000f0   Code   RO         3101    .text               c_w.l(fopen.o)
    0x08000f74   0x08000f74   0x0000004c   Code   RO         3103    .text               c_w.l(fclose.o)
    0x08000fc0   0x08000fc0   0x00000012   Code   RO         3113    .text               c_w.l(exit.o)
    0x08000fd2   0x08000fd2   0x0000000a   Code   RO         3115    .text               c_w.l(defsig_exit.o)
    0x08000fdc   0x08000fdc   0x0000000e   Code   RO         3121    .text               c_w.l(defsig_rtred_outer.o)
    0x08000fea   0x08000fea   0x00000002   PAD
    0x08000fec   0x08000fec   0x00000050   Code   RO         3125    .text               c_w.l(defsig_rtmem_inner.o)
    0x0800103c   0x0800103c   0x0000000c   Code   RO         3155    .text               c_w.l(sys_exit.o)
    0x08001048   0x08001048   0x000000f8   Code   RO         3169    .text               c_w.l(fseek.o)
    0x08001140   0x08001140   0x00000032   Code   RO         3177    .text               c_w.l(defsig_general.o)
    0x08001172   0x08001172   0x00000002   PAD
    0x08001174   0x08001174   0x00000034   Code   RO         3181    .text               c_w.l(defsig_rtred_inner.o)
    0x080011a8   0x080011a8   0x0000003e   Code   RO         3183    .text               c_w.l(strlen.o)
    0x080011e6   0x080011e6   0x0000000e   Code   RO         3187    .text               c_w.l(sys_wrch.o)
    0x080011f4   0x080011f4   0x00000042   Code   RO         3198    .text               c_w.l(ftell.o)
    0x08001236   0x08001236   0x00000002   PAD
    0x08001238   0x08001238   0x00000002   Code   RO          309    .text.BusFault_Handler  stm32l4xx_it.o
    0x0800123a   0x0800123a   0x00000002   PAD
    0x0800123c   0x0800123c   0x00000002   Code   RO          315    .text.DebugMon_Handler  stm32l4xx_it.o
    0x0800123e   0x0800123e   0x00000002   PAD
    0x08001240   0x08001240   0x0000000c   Code   RO          348    .text.HAL_GetTick   stm32l4xx_hal.o
    0x0800124c   0x0800124c   0x0000001a   Code   RO          346    .text.HAL_IncTick   stm32l4xx_hal.o
    0x08001266   0x08001266   0x00000002   PAD
    0x08001268   0x08001268   0x0000002e   Code   RO          336    .text.HAL_Init      stm32l4xx_hal.o
    0x08001296   0x08001296   0x00000002   PAD
    0x08001298   0x08001298   0x0000004c   Code   RO          338    .text.HAL_InitTick  stm32l4xx_hal.o
    0x080012e4   0x080012e4   0x00000032   Code   RO          328    .text.HAL_MspInit   stm32l4xx_hal_msp.o
    0x08001316   0x08001316   0x00000002   PAD
    0x08001318   0x08001318   0x00000056   Code   RO          757    .text.HAL_NVIC_SetPriority  stm32l4xx_hal_cortex.o
    0x0800136e   0x0800136e   0x00000002   PAD
    0x08001370   0x08001370   0x00000020   Code   RO          755    .text.HAL_NVIC_SetPriorityGrouping  stm32l4xx_hal_cortex.o
    0x08001390   0x08001390   0x0000008c   Code   RO          667    .text.HAL_PWREx_ControlVoltageScaling  stm32l4xx_hal_pwr_ex.o
    0x0800141c   0x0800141c   0x00000010   Code   RO          665    .text.HAL_PWREx_GetVoltageRange  stm32l4xx_hal_pwr_ex.o
    0x0800142c   0x0800142c   0x0000027a   Code   RO          422    .text.HAL_RCC_ClockConfig  stm32l4xx_hal_rcc.o
    0x080016a6   0x080016a6   0x00000002   PAD
    0x080016a8   0x080016a8   0x00000790   Code   RO          418    .text.HAL_RCC_OscConfig  stm32l4xx_hal_rcc.o
    0x08001e38   0x08001e38   0x0000002c   Code   RO          767    .text.HAL_SYSTICK_Config  stm32l4xx_hal_cortex.o
    0x08001e64   0x08001e64   0x00000002   Code   RO          305    .text.HardFault_Handler  stm32l4xx_it.o
    0x08001e66   0x08001e66   0x00000002   PAD
    0x08001e68   0x08001e68   0x0000009c   Code   RO          272    .text.MX_X_CUBE_AI_Init  app_x-cube-ai.o
    0x08001f04   0x08001f04   0x00000098   Code   RO          274    .text.MX_X_CUBE_AI_Process  app_x-cube-ai.o
    0x08001f9c   0x08001f9c   0x00000002   Code   RO          307    .text.MemManage_Handler  stm32l4xx_it.o
    0x08001f9e   0x08001f9e   0x00000002   PAD
    0x08001fa0   0x08001fa0   0x00000002   Code   RO          303    .text.NMI_Handler   stm32l4xx_it.o
    0x08001fa2   0x08001fa2   0x00000002   PAD
    0x08001fa4   0x08001fa4   0x00000002   Code   RO          317    .text.PendSV_Handler  stm32l4xx_it.o
    0x08001fa6   0x08001fa6   0x00000002   PAD
    0x08001fa8   0x08001fa8   0x00000002   Code   RO          313    .text.SVC_Handler   stm32l4xx_it.o
    0x08001faa   0x08001faa   0x00000002   PAD
    0x08001fac   0x08001fac   0x00000004   Code   RO          319    .text.SysTick_Handler  stm32l4xx_it.o
    0x08001fb0   0x08001fb0   0x00000012   Code   RO          831    .text.SystemInit    system_stm32l4xx.o
    0x08001fc2   0x08001fc2   0x00000002   PAD
    0x08001fc4   0x08001fc4   0x00000002   Code   RO          311    .text.UsageFault_Handler  stm32l4xx_it.o
    0x08001fc6   0x08001fc6   0x00000002   PAD
    0x08001fc8   0x08001fc8   0x000000aa   Code   RO           19    .text.ai_network_create_and_init  network.o
    0x08002072   0x08002072   0x00000002   PAD
    0x08002074   0x08002074   0x00000038   Code   RO          244    .text.ai_network_data_params_get  network_data.o
    0x080020ac   0x080020ac   0x00000004   Code   RO           15    .text.ai_network_get_error  network.o
    0x080020b0   0x080020b0   0x000001a2   Code   RO           21    .text.ai_network_init  network.o
    0x08002252   0x08002252   0x00000002   PAD
    0x08002254   0x08002254   0x0000001e   Code   RO           23    .text.ai_network_inputs_get  network.o
    0x08002272   0x08002272   0x00000002   PAD
    0x08002274   0x08002274   0x0000001e   Code   RO           25    .text.ai_network_outputs_get  network.o
    0x08002292   0x08002292   0x00000002   PAD
    0x08002294   0x08002294   0x00000004   Code   RO           29    .text.ai_network_run  network.o
    0x08002298   0x08002298   0x00000086   Code   RO          288    .text.main          main.o
    0x0800231e   0x0800231e   0x0000dce2   PAD
    0x08010000   0x08010000   0x00000b36   Code   RO         2626    .text.st_sssa8_ch_nn_mat_mult_deep_conv2d_3x3  NetworkRuntime1020_CM4_Keil.lib(st_sssa8_ch_nn_mat_mult_deep_conv2d_3x3.o)
    0x08010b36   0x08010b36   0x00000342   Code   RO         2630    .text.st_sssa8_ch_nn_mat_mult_kernel_opt  NetworkRuntime1020_CM4_Keil.lib(st_sssa8_ch_nn_mat_mult_kernel_opt.o)
    0x08010e78   0x08010e78   0x00000008   PAD
    0x08010e80   0x08010e80   0x0000079a   Code   RO         2675    .text.st_sssa8_dense_memopt_loop  NetworkRuntime1020_CM4_Keil.lib(st_sssa8_dense_loop.o)
    0x0801161a   0x0801161a   0x00000012   Code   RO         1266    i._ai_forward_layer  NetworkRuntime1020_CM4_Keil.lib(layers.o)
    0x0801162c   0x0801162c   0x000000e6   Code   RO          863    i._ai_platform_get_io_buffers_info  NetworkRuntime1020_CM4_Keil.lib(ai_platform_interface.o)
    0x08011712   0x08011712   0x00000020   Code   RO         1186    i._get_lut_size     NetworkRuntime1020_CM4_Keil.lib(ai_datatypes_format.o)
    0x08011732   0x08011732   0x0000000e   Code   RO         2789    i._is_digit         c_w.l(__printf_wp.o)
    0x08011740   0x08011740   0x0000004c   Code   RO          864    i._platform_ai_buffer_array_copy  NetworkRuntime1020_CM4_Keil.lib(ai_platform_interface.o)
    0x0801178c   0x0801178c   0x00000050   Code   RO          865    i._platform_get_table_map_from_buffer  NetworkRuntime1020_CM4_Keil.lib(ai_platform_interface.o)
    0x080117dc   0x080117dc   0x00000044   Code   RO          866    i._platform_get_table_map_from_buffer_array  NetworkRuntime1020_CM4_Keil.lib(ai_platform_interface.o)
    0x08011820   0x08011820   0x00000014   Code   RO          867    i._platform_network_buffers_signature_valid  NetworkRuntime1020_CM4_Keil.lib(ai_platform_interface.o)
    0x08011834   0x08011834   0x00000216   Code   RO          868    i._platform_network_io_bind  NetworkRuntime1020_CM4_Keil.lib(ai_platform_interface.o)
    0x08011a4a   0x08011a4a   0x0000003e   Code   RO          869    i._platform_network_state_setup  NetworkRuntime1020_CM4_Keil.lib(ai_platform_interface.o)
    0x08011a88   0x08011a88   0x00000068   Code   RO          870    i._platform_network_state_update_input  NetworkRuntime1020_CM4_Keil.lib(ai_platform_interface.o)
    0x08011af0   0x08011af0   0x0000007c   Code   RO          871    i._platform_network_state_update_output  NetworkRuntime1020_CM4_Keil.lib(ai_platform_interface.o)
    0x08011b6c   0x08011b6c   0x00000028   Code   RO         1191    i.ai_array_get_byte_size  NetworkRuntime1020_CM4_Keil.lib(ai_datatypes_format.o)
    0x08011b94   0x08011b94   0x0000001e   Code   RO         1192    i.ai_array_get_data_byte_size  NetworkRuntime1020_CM4_Keil.lib(ai_datatypes_format.o)
    0x08011bb2   0x08011bb2   0x00000002   PAD
    0x08011bb4   0x08011bb4   0x0000012c   Code   RO         1194    i.ai_array_to_buffer_fmt  NetworkRuntime1020_CM4_Keil.lib(ai_datatypes_format.o)
    0x08011ce0   0x08011ce0   0x00000024   Code   RO          849    i.ai_buffer_array_item_set_address  NetworkRuntime1020_CM4_Keil.lib(ai_platform.o)
    0x08011d04   0x08011d04   0x00000012   Code   RO          850    i.ai_buffer_array_sane  NetworkRuntime1020_CM4_Keil.lib(ai_platform.o)
    0x08011d16   0x08011d16   0x00000002   PAD
    0x08011d18   0x08011d18   0x00000068   Code   RO          852    i.ai_buffer_get_size  NetworkRuntime1020_CM4_Keil.lib(ai_platform.o)
    0x08011d80   0x08011d80   0x0000002c   Code   RO         1268    i.ai_check_custom_types  NetworkRuntime1020_CM4_Keil.lib(layers.o)
    0x08011dac   0x08011dac   0x00000050   Code   RO         1272    i.ai_layers_forward_all  NetworkRuntime1020_CM4_Keil.lib(layers.o)
    0x08011dfc   0x08011dfc   0x0000001e   Code   RO         1273    i.ai_layers_init_all  NetworkRuntime1020_CM4_Keil.lib(layers.o)
    0x08011e1a   0x08011e1a   0x00000036   Code   RO         1274    i.ai_layers_post_init_all  NetworkRuntime1020_CM4_Keil.lib(layers.o)
    0x08011e50   0x08011e50   0x000000ae   Code   RO         2460    i.ai_padding_opt_init  NetworkRuntime1020_CM4_Keil.lib(st_padding_opt.o)
    0x08011efe   0x08011efe   0x00000034   Code   RO         2461    i.ai_padding_opt_phase1  NetworkRuntime1020_CM4_Keil.lib(st_padding_opt.o)
    0x08011f32   0x08011f32   0x00000026   Code   RO         1370    i.ai_padding_opt_phase2  NetworkRuntime1020_CM4_Keil.lib(forward_lite_conv2d_sssa8_ch.o)
    0x08011f58   0x08011f58   0x0000002c   Code   RO          875    i.ai_platform_bind_network_params  NetworkRuntime1020_CM4_Keil.lib(ai_platform_interface.o)
    0x08011f84   0x08011f84   0x00000014   Code   RO          876    i.ai_platform_context_acquire  NetworkRuntime1020_CM4_Keil.lib(ai_platform_interface.o)
    0x08011f98   0x08011f98   0x0000002c   Code   RO          878    i.ai_platform_get_activations_map  NetworkRuntime1020_CM4_Keil.lib(ai_platform_interface.o)
    0x08011fc4   0x08011fc4   0x00000028   Code   RO          879    i.ai_platform_get_weights_map  NetworkRuntime1020_CM4_Keil.lib(ai_platform_interface.o)
    0x08011fec   0x08011fec   0x00000042   Code   RO          880    i.ai_platform_inputs_get  NetworkRuntime1020_CM4_Keil.lib(ai_platform_interface.o)
    0x0801202e   0x0801202e   0x00000002   PAD
    0x08012030   0x08012030   0x000000a2   Code   RO          882    i.ai_platform_network_create  NetworkRuntime1020_CM4_Keil.lib(ai_platform_interface.o)
    0x080120d2   0x080120d2   0x00000002   PAD
    0x080120d4   0x080120d4   0x0000001c   Code   RO          884    i.ai_platform_network_get_error  NetworkRuntime1020_CM4_Keil.lib(ai_platform_interface.o)
    0x080120f0   0x080120f0   0x0000011e   Code   RO          885    i.ai_platform_network_init  NetworkRuntime1020_CM4_Keil.lib(ai_platform_interface.o)
    0x0801220e   0x0801220e   0x00000002   PAD
    0x08012210   0x08012210   0x00000050   Code   RO          886    i.ai_platform_network_post_init  NetworkRuntime1020_CM4_Keil.lib(ai_platform_interface.o)
    0x08012260   0x08012260   0x00000054   Code   RO          887    i.ai_platform_network_process  NetworkRuntime1020_CM4_Keil.lib(ai_platform_interface.o)
    0x080122b4   0x080122b4   0x0000000c   Code   RO          888    i.ai_platform_network_set_error  NetworkRuntime1020_CM4_Keil.lib(ai_platform_interface.o)
    0x080122c0   0x080122c0   0x00000048   Code   RO          894    i.ai_platform_outputs_get  NetworkRuntime1020_CM4_Keil.lib(ai_platform_interface.o)
    0x08012308   0x08012308   0x0000000a   Code   RO          971    i.ai_shape_get_npixels  NetworkRuntime1020_CM4_Keil.lib(layers_conv2d_stm32_integer.o)
    0x08012312   0x08012312   0x0000001a   Code   RO         1127    i.ai_shape_get_size  NetworkRuntime1020_CM4_Keil.lib(layers_nl_stm32_integer.o)
    0x0801232c   0x0801232c   0x0000000c   Code   RO         1216    i.ai_version_get    NetworkRuntime1020_CM4_Keil.lib(ai_datatypes_internal.o)
    0x08012338   0x08012338   0x00000094   Code   RO         1494    i.align_factor      NetworkRuntime1020_CM4_Keil.lib(st_align_factor.o)
    0x080123cc   0x080123cc   0x0000004c   Code   RO         1495    i.align_factor_ch   NetworkRuntime1020_CM4_Keil.lib(st_align_factor.o)
    0x08012418   0x08012418   0x0000000a   Code   RO         1245    i.core_array_clone  NetworkRuntime1020_CM4_Keil.lib(core_utils.o)
    0x08012422   0x08012422   0x0000000c   Code   RO         1226    i.core_get_error    NetworkRuntime1020_CM4_Keil.lib(core_common.o)
    0x0801242e   0x0801242e   0x00000004   Code   RO         1227    i.core_init         NetworkRuntime1020_CM4_Keil.lib(core_common.o)
    0x08012432   0x08012432   0x0000000c   Code   RO          938    i.core_nl_get_params  NetworkRuntime1020_CM4_Keil.lib(layers_conv2d_sssa8_ch.o)
    0x0801243e   0x0801243e   0x00000012   Code   RO          939    i.core_nl_get_params_ptr  NetworkRuntime1020_CM4_Keil.lib(layers_conv2d_sssa8_ch.o)
    0x08012450   0x08012450   0x0000001a   Code   RO         1228    i.core_set_error    NetworkRuntime1020_CM4_Keil.lib(core_common.o)
    0x0801246a   0x0801246a   0x0000005c   Code   RO         1248    i.core_tensor_clone  NetworkRuntime1020_CM4_Keil.lib(core_utils.o)
    0x080124c6   0x080124c6   0x00000002   PAD
    0x080124c8   0x080124c8   0x000004f2   Code   RO          942    i.forward_conv2d_deep_3x3_sssa8_ch_nl_pool  NetworkRuntime1020_CM4_Keil.lib(layers_conv2d_sssa8_ch.o)
    0x080129ba   0x080129ba   0x00000002   PAD
    0x080129bc   0x080129bc   0x00000524   Code   RO          948    i.forward_conv2d_sssa8_ch_nl_pool  NetworkRuntime1020_CM4_Keil.lib(layers_conv2d_sssa8_ch.o)
    0x08012ee0   0x08012ee0   0x00000178   Code   RO          988    i.forward_dense_integer_SSSA  NetworkRuntime1020_CM4_Keil.lib(layers_conv2d_stm32_integer.o)
    0x08013058   0x08013058   0x00000056   Code   RO         1362    i.forward_lite_avepool_is8os8  NetworkRuntime1020_CM4_Keil.lib(forward_lite_avepool_is8os8.o)
    0x080130ae   0x080130ae   0x000000f4   Code   RO         1371    i.forward_lite_conv2d_deep_3x3_sssa8_ch  NetworkRuntime1020_CM4_Keil.lib(forward_lite_conv2d_sssa8_ch.o)
    0x080131a2   0x080131a2   0x00000002   PAD
    0x080131a4   0x080131a4   0x000006c4   Code   RO         1375    i.forward_lite_conv2d_sssa8_ch  NetworkRuntime1020_CM4_Keil.lib(forward_lite_conv2d_sssa8_ch.o)
    0x08013868   0x08013868   0x00000074   Code   RO         1346    i.forward_lite_dense_is8os8ws8  NetworkRuntime1020_CM4_Keil.lib(forward_lite_dense_is8os8ws8.o)
    0x080138dc   0x080138dc   0x00000142   Code   RO         1396    i.forward_lite_maxpool_is8os8_scaleneg  NetworkRuntime1020_CM4_Keil.lib(forward_lite_maxpool_is8os8.o)
    0x08013a1e   0x08013a1e   0x00000002   PAD
    0x08013a20   0x08013a20   0x00000146   Code   RO         1354    i.forward_lite_maxpool_is8os8_scalepos  NetworkRuntime1020_CM4_Keil.lib(forward_lite_maxpool_is8os8_scalepos.o)
    0x08013b66   0x08013b66   0x0000004e   Code   RO         2634    i.forward_lite_pad_8bit_ch1st_3x3_constant_P0022  NetworkRuntime1020_CM4_Keil.lib(forward_lite_pad_generic.o)
    0x08013bb4   0x08013bb4   0x0000011e   Code   RO         2635    i.forward_lite_pad_8bit_ch1st_3x3_constant_P1111  NetworkRuntime1020_CM4_Keil.lib(forward_lite_pad_generic.o)
    0x08013cd2   0x08013cd2   0x000000f8   Code   RO         2636    i.forward_lite_pad_constant  NetworkRuntime1020_CM4_Keil.lib(forward_lite_pad_generic.o)
    0x08013dca   0x08013dca   0x000000ae   Code   RO         2637    i.forward_lite_pad_edge  NetworkRuntime1020_CM4_Keil.lib(forward_lite_pad_generic.o)
    0x08013e78   0x08013e78   0x000000f0   Code   RO         2638    i.forward_lite_pad_reflect  NetworkRuntime1020_CM4_Keil.lib(forward_lite_pad_generic.o)
    0x08013f68   0x08013f68   0x00000062   Code   RO         1129    i.forward_nl_integer  NetworkRuntime1020_CM4_Keil.lib(layers_nl_stm32_integer.o)
    0x08013fca   0x08013fca   0x00000022   Code   RO         1051    i.forward_pad       NetworkRuntime1020_CM4_Keil.lib(layers_generic_float.o)
    0x08013fec   0x08013fec   0x000000b4   Code   RO         1294    i.forward_pad_8bit_ch1st_3x3_constant  NetworkRuntime1020_CM4_Keil.lib(layers_pad_generic.o)
    0x080140a0   0x080140a0   0x000000ba   Code   RO         1295    i.forward_pad_constant  NetworkRuntime1020_CM4_Keil.lib(layers_pad_generic.o)
    0x0801415a   0x0801415a   0x00000098   Code   RO         1296    i.forward_pad_edge  NetworkRuntime1020_CM4_Keil.lib(layers_pad_generic.o)
    0x080141f2   0x080141f2   0x000000d0   Code   RO         1297    i.forward_pad_reflect  NetworkRuntime1020_CM4_Keil.lib(layers_pad_generic.o)
    0x080142c2   0x080142c2   0x0000001c   Code   RO         2927    i.fputc             c_w.l(fputc.o)
    0x080142de   0x080142de   0x00000002   Code   RO          949    i.func_dummy        NetworkRuntime1020_CM4_Keil.lib(layers_conv2d_sssa8_ch.o)
    0x080142e0   0x080142e0   0x00000028   Code   RO         1217    i.get_tensor_byte_size  NetworkRuntime1020_CM4_Keil.lib(ai_datatypes_internal.o)
    0x08014308   0x08014308   0x0000003c   Code   RO         1133    i.nl_func_array_integer  NetworkRuntime1020_CM4_Keil.lib(layers_nl_stm32_integer.o)
    0x08014344   0x08014344   0x000000ce   Code   RO         1163    i.pool_func_ap_array_integer_INT8  NetworkRuntime1020_CM4_Keil.lib(layers_pool_stm32_integer.o)
    0x08014412   0x08014412   0x000000d6   Code   RO         1166    i.pool_func_mp_array_integer_INT8  NetworkRuntime1020_CM4_Keil.lib(layers_pool_stm32_integer.o)
    0x080144e8   0x080144e8   0x00000038   Code   RO         2484    i.st_int16_fill     NetworkRuntime1020_CM4_Keil.lib(st_int16_fill.o)
    0x08014520   0x08014520   0x0000015a   Code   RO         2470    i.st_int8_avepool   NetworkRuntime1020_CM4_Keil.lib(st_int8_pool.o)
    0x0801467a   0x0801467a   0x00000002   PAD
    0x0801467c   0x0801467c   0x00000090   Code   RO         1744    i.st_int8_copy      NetworkRuntime1020_CM4_Keil.lib(st_int8_fill.o)
    0x0801470c   0x0801470c   0x00000064   Code   RO         1745    i.st_int8_fill      NetworkRuntime1020_CM4_Keil.lib(st_int8_fill.o)
    0x08014770   0x08014770   0x00000052   Code   RO         2666    i.st_int8_reordered_no_shift_zero  NetworkRuntime1020_CM4_Keil.lib(st_int8_reordered_no_shift.o)
    0x080147c2   0x080147c2   0x00000002   PAD
    0x080147c4   0x080147c4   0x00000264   Code   RO         2444    i.st_int8_to16_dual  NetworkRuntime1020_CM4_Keil.lib(st_int8_to16_no_shift.o)
    0x08014a28   0x08014a28   0x000001f0   Code   RO         2445    i.st_int8_to16_dual_interleaved  NetworkRuntime1020_CM4_Keil.lib(st_int8_to16_no_shift.o)
    0x08014c18   0x08014c18   0x00000108   Code   RO         2446    i.st_int8_to16_no_shift  NetworkRuntime1020_CM4_Keil.lib(st_int8_to16_no_shift.o)
    0x08014d20   0x08014d20   0x000000c0   Code   RO         2447    i.st_int8_to16_no_shift_interleaved  NetworkRuntime1020_CM4_Keil.lib(st_int8_to16_no_shift.o)
    0x08014de0   0x08014de0   0x000000aa   Code   RO         2492    i.st_sssa8_ch_convolve_rank1upd  NetworkRuntime1020_CM4_Keil.lib(st_sssa8_ch_convolve.o)
    0x08014e8a   0x08014e8a   0x00000002   PAD
    0x08014e8c   0x08014e8c   0x00000276   Code   RO         2526    i.st_sssa8_ch_nn_mat_mult_kernel_single_opt  NetworkRuntime1020_CM4_Keil.lib(st_sssa8_ch_nn_mat_mult_kernel_single_opt.o)
    0x08015102   0x08015102   0x00000002   PAD
    0x08015104   0x08015104   0x0000029c   Code   RO         2508    i.st_sssa8_fully_connected  NetworkRuntime1020_CM4_Keil.lib(st_sssa8_dense.o)
    0x080153a0   0x080153a0   0x0000008c   Code   RO         2987    x$fpl$fnaninf       fz_wm.l(fnaninf.o)
    0x0801542c   0x0801542c   0x0000001a   Code   RO         3072    x$fpl$fpinit        fz_wm.l(fpinit.o)
    0x08015446   0x08015446   0x00000002   PAD
    0x08015448   0x08015448   0x00000086   Code   RO         2814    x$fpl$llsfromf      fz_wm.l(ffixll.o)
    0x080154ce   0x080154ce   0x00000000   Code   RO         2995    x$fpl$usenofp       fz_wm.l(usenofp.o)
    0x080154ce   0x080154ce   0x00000002   PAD
    0x080154d0   0x080154d0   0x00000068   Data   RO          897    .constdata          NetworkRuntime1020_CM4_Keil.lib(ai_platform_interface.o)
    0x08015538   0x08015538   0x000000f0   Data   RO          950    .constdata          NetworkRuntime1020_CM4_Keil.lib(layers_conv2d_sssa8_ch.o)
    0x08015628   0x08015628   0x00000028   Data   RO         2762    .constdata          c_w.l(_printf_hex_int.o)
    0x08015650   0x08015650   0x00000011   Data   RO         2792    .constdata          c_w.l(__printf_flags_wp.o)
    0x08015661   0x08015661   0x00000004   Data   RO         3076    .constdata          c_w.l(sys_io_names.o)
    0x08015665   0x08015665   0x00000004   Data   RO         3077    .constdata          c_w.l(sys_io_names.o)
    0x08015669   0x08015669   0x00000004   Data   RO         3078    .constdata          c_w.l(sys_io_names.o)
    0x0801566d   0x0801566d   0x00000001   Data   RO           34    .rodata..L.str.4    network.o
    0x0801566e   0x0801566e   0x00000002   PAD
    0x08015670   0x08015670   0x00000008   Data   RO          250    .rodata..L__const.ai_network_data_params_get.map_activations  network_data.o
    0x08015678   0x08015678   0x00000008   Data   RO          251    .rodata..L__const.ai_network_data_params_get.map_weights  network_data.o
    0x08015680   0x08015680   0x00000004   Data   RO          152    .rodata..compoundliteral.103  network.o
    0x08015684   0x08015684   0x00000001   Data   RO          153    .rodata..compoundliteral.104  network.o
    0x08015685   0x08015685   0x00000003   PAD
    0x08015688   0x08015688   0x00000008   Data   RO          154    .rodata..compoundliteral.105  network.o
    0x08015690   0x08015690   0x00000004   Data   RO          164    .rodata..compoundliteral.114  network.o
    0x08015694   0x08015694   0x00000001   Data   RO          165    .rodata..compoundliteral.115  network.o
    0x08015695   0x08015695   0x00000003   PAD
    0x08015698   0x08015698   0x00000008   Data   RO          166    .rodata..compoundliteral.116  network.o
    0x080156a0   0x080156a0   0x00000004   Data   RO          177    .rodata..compoundliteral.125  network.o
    0x080156a4   0x080156a4   0x00000001   Data   RO          178    .rodata..compoundliteral.126  network.o
    0x080156a5   0x080156a5   0x00000003   PAD
    0x080156a8   0x080156a8   0x00000008   Data   RO          179    .rodata..compoundliteral.127  network.o
    0x080156b0   0x080156b0   0x00000040   Data   RO          184    .rodata..compoundliteral.131  network.o
    0x080156f0   0x080156f0   0x00000010   Data   RO          185    .rodata..compoundliteral.132  network.o
    0x08015700   0x08015700   0x00000008   Data   RO          186    .rodata..compoundliteral.133  network.o
    0x08015708   0x08015708   0x00000004   Data   RO          197    .rodata..compoundliteral.143  network.o
    0x0801570c   0x0801570c   0x00000001   Data   RO          198    .rodata..compoundliteral.144  network.o
    0x0801570d   0x0801570d   0x00000003   PAD
    0x08015710   0x08015710   0x00000008   Data   RO          199    .rodata..compoundliteral.145  network.o
    0x08015718   0x08015718   0x00000020   Data   RO          209    .rodata..compoundliteral.154  network.o
    0x08015738   0x08015738   0x00000008   Data   RO          210    .rodata..compoundliteral.155  network.o
    0x08015740   0x08015740   0x00000008   Data   RO          211    .rodata..compoundliteral.156  network.o
    0x08015748   0x08015748   0x00000004   Data   RO          223    .rodata..compoundliteral.166  network.o
    0x0801574c   0x0801574c   0x00000001   Data   RO          224    .rodata..compoundliteral.167  network.o
    0x0801574d   0x0801574d   0x00000003   PAD
    0x08015750   0x08015750   0x00000008   Data   RO          225    .rodata..compoundliteral.168  network.o
    0x08015758   0x08015758   0x00000004   Data   RO           55    .rodata..compoundliteral.23  network.o
    0x0801575c   0x0801575c   0x00000001   Data   RO           56    .rodata..compoundliteral.24  network.o
    0x0801575d   0x0801575d   0x00000003   PAD
    0x08015760   0x08015760   0x00000008   Data   RO           57    .rodata..compoundliteral.25  network.o
    0x08015768   0x08015768   0x00000004   Data   RO           62    .rodata..compoundliteral.29  network.o
    0x0801576c   0x0801576c   0x00000001   Data   RO           63    .rodata..compoundliteral.30  network.o
    0x0801576d   0x0801576d   0x00000003   PAD
    0x08015770   0x08015770   0x00000008   Data   RO           64    .rodata..compoundliteral.31  network.o
    0x08015778   0x08015778   0x00000004   Data   RO           95    .rodata..compoundliteral.51  network.o
    0x0801577c   0x0801577c   0x00000001   Data   RO           96    .rodata..compoundliteral.52  network.o
    0x0801577d   0x0801577d   0x00000003   PAD
    0x08015780   0x08015780   0x00000008   Data   RO           97    .rodata..compoundliteral.53  network.o
    0x08015788   0x08015788   0x00000004   Data   RO          108    .rodata..compoundliteral.62  network.o
    0x0801578c   0x0801578c   0x00000001   Data   RO          109    .rodata..compoundliteral.63  network.o
    0x0801578d   0x0801578d   0x00000003   PAD
    0x08015790   0x08015790   0x00000008   Data   RO          110    .rodata..compoundliteral.64  network.o
    0x08015798   0x08015798   0x00000004   Data   RO          115    .rodata..compoundliteral.68  network.o
    0x0801579c   0x0801579c   0x00000008   Data   RO          116    .rodata..compoundliteral.70  network.o
    0x080157a4   0x080157a4   0x00000004   Data   RO          132    .rodata..compoundliteral.85  network.o
    0x080157a8   0x080157a8   0x00000001   Data   RO          133    .rodata..compoundliteral.86  network.o
    0x080157a9   0x080157a9   0x00000003   PAD
    0x080157ac   0x080157ac   0x00000008   Data   RO          134    .rodata..compoundliteral.87  network.o
    0x080157b4   0x080157b4   0x00000060   Data   RO          139    .rodata..compoundliteral.91  network.o
    0x08015814   0x08015814   0x00000018   Data   RO          140    .rodata..compoundliteral.92  network.o
    0x0801582c   0x0801582c   0x00000008   Data   RO          141    .rodata..compoundliteral.93  network.o
    0x08015834   0x08015834   0x00000010   Data   RO          836    .rodata.AHBPrescTable  system_stm32l4xx.o
    0x08015844   0x08015844   0x00000030   Data   RO          838    .rodata.MSIRangeTable  system_stm32l4xx.o
    0x08015874   0x08015874   0x00000008   Data   RO           65    .rodata.conv2d_0_chain  network.o
    0x0801587c   0x0801587c   0x00000008   Data   RO          173    .rodata.conv2d_0_output_array_intq  network.o
    0x08015884   0x08015884   0x00000008   Data   RO          218    .rodata.conv2d_0_scratch1_array_intq  network.o
    0x0801588c   0x0801588c   0x00000008   Data   RO          205    .rodata.conv2d_0_weights_array_intq  network.o
    0x08015894   0x08015894   0x00000008   Data   RO           69    .rodata.conv2d_2_chain  network.o
    0x0801589c   0x0801589c   0x00000008   Data   RO          160    .rodata.conv2d_2_output_array_intq  network.o
    0x080158a4   0x080158a4   0x00000008   Data   RO          193    .rodata.conv2d_2_scratch1_array_intq  network.o
    0x080158ac   0x080158ac   0x00000008   Data   RO          180    .rodata.conv2d_2_weights_array_intq  network.o
    0x080158b4   0x080158b4   0x00000008   Data   RO           78    .rodata.conv2d_4_chain  network.o
    0x080158bc   0x080158bc   0x00000008   Data   RO          104    .rodata.conv2d_4_output_array_intq  network.o
    0x080158c4   0x080158c4   0x00000008   Data   RO           73    .rodata.conv2d_4_pad_before_chain  network.o
    0x080158cc   0x080158cc   0x00000008   Data   RO          128    .rodata.conv2d_4_pad_before_output_array_intq  network.o
    0x080158d4   0x080158d4   0x00000010   Data   RO           75    .rodata.conv2d_4_pad_before_value  network.o
    0x080158e4   0x080158e4   0x00000001   Data   RO          167    .rodata.conv2d_4_pad_before_value_data  network.o
    0x080158e5   0x080158e5   0x00000003   PAD
    0x080158e8   0x080158e8   0x00000008   Data   RO          148    .rodata.conv2d_4_scratch1_array_intq  network.o
    0x080158f0   0x080158f0   0x00000008   Data   RO          135    .rodata.conv2d_4_weights_array_intq  network.o
    0x080158f8   0x080158f8   0x00000008   Data   RO           83    .rodata.gemm_6_chain  network.o
    0x08015900   0x08015900   0x00000008   Data   RO           91    .rodata.gemm_6_output_array_intq  network.o
    0x08015908   0x08015908   0x00000008   Data   RO          111    .rodata.gemm_6_weights_array_intq  network.o
    0x08015910   0x08015910   0x00000008   Data   RO           84    .rodata.nl_7_chain  network.o
    0x08015918   0x08015918   0x00000010   Data   RO           85    .rodata.nl_7_nl_params  network.o
    0x08015928   0x08015928   0x00000100   Data   RO           98    .rodata.nl_7_nl_params_data  network.o
    0x08015a28   0x08015a28   0x00000008   Data   RO           58    .rodata.nl_7_output_array_intq  network.o
    0x08015a30   0x08015a30   0x00000010   PAD
    0x08015a40   0x08015a40   0x00001328   Data   RO          261    .rodata.s_network_weights_array_u64  network_data_params.o
    0x08016d68   0x08016d68   0x00000008   Data   RO           51    .rodata.serving_default_input_layer0_output_array_intq  network.o
    0x08016d70   0x08016d70   0x00000032   Data   RO          278    .rodata.str1.1      app_x-cube-ai.o
    0x08016da2   0x08016da2   0x00000002   PAD
    0x08016da4   0x08016da4   0x00000020   Data   RO         3218    Region$$Table       anon$$obj.o


    Execution Region RW_RAM (Exec base: 0x20000000, Load base: 0x08016de0, Size: 0x00005f30, Max: 0x00018000, ABSOLUTE, COMPRESSED[0x00000460])

    Exec Addr    Load Addr    Size         Type   Attr      Idx    E Section Name        Object

    0x20000000   COMPRESSED   0x00000004   Data   RW         2933    .data               c_w.l(stdio_streams.o)
    0x20000004   COMPRESSED   0x00000004   Data   RW         2934    .data               c_w.l(stdio_streams.o)
    0x20000008   COMPRESSED   0x00000004   Data   RW         2935    .data               c_w.l(stdio_streams.o)
    0x2000000c   COMPRESSED   0x00000070   Data   RW          226    .data..L_MergedGlobals  network.o
    0x2000007c   COMPRESSED   0x00000008   Data   RW          407    .data..L_MergedGlobals  stm32l4xx_hal.o
    0x20000084   COMPRESSED   0x00000070   Data   RW          227    .data..L_MergedGlobals.169  network.o
    0x200000f4   COMPRESSED   0x00000070   Data   RW          228    .data..L_MergedGlobals.170  network.o
    0x20000164   COMPRESSED   0x00000010   Data   RW           35    .data..compoundliteral  network.o
    0x20000174   COMPRESSED   0x00000010   Data   RW          246    .data..compoundliteral  network_data.o
    0x20000184   COMPRESSED   0x00000010   Data   RW          248    .data..compoundliteral.1  network_data.o
    0x20000194   COMPRESSED   0x00000010   Data   RW          149    .data..compoundliteral.100  network.o
    0x200001a4   COMPRESSED   0x00000010   Data   RW          150    .data..compoundliteral.101  network.o
    0x200001b4   COMPRESSED   0x00000004   Data   RW          155    .data..compoundliteral.106  network.o
    0x200001b8   COMPRESSED   0x00000004   Data   RW          156    .data..compoundliteral.107  network.o
    0x200001bc   COMPRESSED   0x00000030   Data   RW          159    .data..compoundliteral.110  network.o
    0x200001ec   COMPRESSED   0x00000010   Data   RW          161    .data..compoundliteral.111  network.o
    0x200001fc   COMPRESSED   0x00000010   Data   RW          162    .data..compoundliteral.112  network.o
    0x2000020c   COMPRESSED   0x00000004   Data   RW          168    .data..compoundliteral.117  network.o
    0x20000210   COMPRESSED   0x00000004   Data   RW          169    .data..compoundliteral.118  network.o
    0x20000214   COMPRESSED   0x0000000c   Data   RW          170    .data..compoundliteral.119  network.o
    0x20000220   COMPRESSED   0x0000000c   Data   RW           43    .data..compoundliteral.12  network.o
    0x2000022c   COMPRESSED   0x00000008   Data   RW          171    .data..compoundliteral.120  network.o
    0x20000234   COMPRESSED   0x00000030   Data   RW          172    .data..compoundliteral.121  network.o
    0x20000264   COMPRESSED   0x00000010   Data   RW          174    .data..compoundliteral.122  network.o
    0x20000274   COMPRESSED   0x00000010   Data   RW          175    .data..compoundliteral.123  network.o
    0x20000284   COMPRESSED   0x00000010   Data   RW          181    .data..compoundliteral.128  network.o
    0x20000294   COMPRESSED   0x00000010   Data   RW          182    .data..compoundliteral.129  network.o
    0x200002a4   COMPRESSED   0x00000004   Data   RW           44    .data..compoundliteral.13  network.o
    0x200002a8   COMPRESSED   0x00000010   Data   RW          187    .data..compoundliteral.134  network.o
    0x200002b8   COMPRESSED   0x00000010   Data   RW          188    .data..compoundliteral.135  network.o
    0x200002c8   COMPRESSED   0x00000010   Data   RW          190    .data..compoundliteral.137  network.o
    0x200002d8   COMPRESSED   0x00000010   Data   RW          191    .data..compoundliteral.138  network.o
    0x200002e8   COMPRESSED   0x00000010   Data   RW          194    .data..compoundliteral.140  network.o
    0x200002f8   COMPRESSED   0x00000010   Data   RW          195    .data..compoundliteral.141  network.o
    0x20000308   COMPRESSED   0x00000004   Data   RW          200    .data..compoundliteral.146  network.o
    0x2000030c   COMPRESSED   0x00000004   Data   RW          201    .data..compoundliteral.147  network.o
    0x20000310   COMPRESSED   0x0000000c   Data   RW          202    .data..compoundliteral.148  network.o
    0x2000031c   COMPRESSED   0x00000008   Data   RW          203    .data..compoundliteral.149  network.o
    0x20000324   COMPRESSED   0x00000030   Data   RW          204    .data..compoundliteral.150  network.o
    0x20000354   COMPRESSED   0x00000010   Data   RW          206    .data..compoundliteral.151  network.o
    0x20000364   COMPRESSED   0x00000010   Data   RW          207    .data..compoundliteral.152  network.o
    0x20000374   COMPRESSED   0x00000010   Data   RW          212    .data..compoundliteral.157  network.o
    0x20000384   COMPRESSED   0x00000010   Data   RW          213    .data..compoundliteral.158  network.o
    0x20000394   COMPRESSED   0x00000010   Data   RW          215    .data..compoundliteral.160  network.o
    0x200003a4   COMPRESSED   0x00000010   Data   RW          216    .data..compoundliteral.161  network.o
    0x200003b4   COMPRESSED   0x00000010   Data   RW          219    .data..compoundliteral.163  network.o
    0x200003c4   COMPRESSED   0x00000010   Data   RW          220    .data..compoundliteral.164  network.o
    0x200003d4   COMPRESSED   0x0000000c   Data   RW           48    .data..compoundliteral.17  network.o
    0x200003e0   COMPRESSED   0x00000018   Data   RW           49    .data..compoundliteral.18  network.o
    0x200003f8   COMPRESSED   0x00000010   Data   RW           52    .data..compoundliteral.20  network.o
    0x20000408   COMPRESSED   0x00000010   Data   RW           53    .data..compoundliteral.21  network.o
    0x20000418   COMPRESSED   0x00000010   Data   RW           59    .data..compoundliteral.26  network.o
    0x20000428   COMPRESSED   0x00000010   Data   RW           60    .data..compoundliteral.27  network.o
    0x20000438   COMPRESSED   0x00000010   Data   RW           66    .data..compoundliteral.32  network.o
    0x20000448   COMPRESSED   0x00000010   Data   RW           70    .data..compoundliteral.35  network.o
    0x20000458   COMPRESSED   0x00000010   Data   RW           74    .data..compoundliteral.38  network.o
    0x20000468   COMPRESSED   0x00000004   Data   RW           86    .data..compoundliteral.43  network.o
    0x2000046c   COMPRESSED   0x00000004   Data   RW           87    .data..compoundliteral.44  network.o
    0x20000470   COMPRESSED   0x00000030   Data   RW           90    .data..compoundliteral.47  network.o
    0x200004a0   COMPRESSED   0x00000010   Data   RW           92    .data..compoundliteral.48  network.o
    0x200004b0   COMPRESSED   0x00000010   Data   RW           93    .data..compoundliteral.49  network.o
    0x200004c0   COMPRESSED   0x0000001c   Data   RW           36    .data..compoundliteral.5  network.o
    0x200004dc   COMPRESSED   0x00000004   Data   RW           99    .data..compoundliteral.54  network.o
    0x200004e0   COMPRESSED   0x00000004   Data   RW          100    .data..compoundliteral.55  network.o
    0x200004e4   COMPRESSED   0x00000008   Data   RW          101    .data..compoundliteral.56  network.o
    0x200004ec   COMPRESSED   0x00000004   Data   RW          102    .data..compoundliteral.57  network.o
    0x200004f0   COMPRESSED   0x00000030   Data   RW          103    .data..compoundliteral.58  network.o
    0x20000520   COMPRESSED   0x00000010   Data   RW          105    .data..compoundliteral.59  network.o
    0x20000530   COMPRESSED   0x00000010   Data   RW           37    .data..compoundliteral.6  network.o
    0x20000540   COMPRESSED   0x00000010   Data   RW          106    .data..compoundliteral.60  network.o
    0x20000550   COMPRESSED   0x00000010   Data   RW          112    .data..compoundliteral.65  network.o
    0x20000560   COMPRESSED   0x00000010   Data   RW          113    .data..compoundliteral.66  network.o
    0x20000570   COMPRESSED   0x0000001c   Data   RW           38    .data..compoundliteral.7  network.o
    0x2000058c   COMPRESSED   0x00000010   Data   RW          117    .data..compoundliteral.71  network.o
    0x2000059c   COMPRESSED   0x00000010   Data   RW          118    .data..compoundliteral.72  network.o
    0x200005ac   COMPRESSED   0x00000010   Data   RW          120    .data..compoundliteral.74  network.o
    0x200005bc   COMPRESSED   0x00000010   Data   RW          121    .data..compoundliteral.75  network.o
    0x200005cc   COMPRESSED   0x00000004   Data   RW          123    .data..compoundliteral.77  network.o
    0x200005d0   COMPRESSED   0x00000004   Data   RW          124    .data..compoundliteral.78  network.o
    0x200005d4   COMPRESSED   0x0000000c   Data   RW          125    .data..compoundliteral.79  network.o
    0x200005e0   COMPRESSED   0x00000004   Data   RW           39    .data..compoundliteral.8  network.o
    0x200005e4   COMPRESSED   0x00000008   Data   RW          126    .data..compoundliteral.80  network.o
    0x200005ec   COMPRESSED   0x00000030   Data   RW          127    .data..compoundliteral.81  network.o
    0x2000061c   COMPRESSED   0x00000010   Data   RW          129    .data..compoundliteral.82  network.o
    0x2000062c   COMPRESSED   0x00000010   Data   RW          130    .data..compoundliteral.83  network.o
    0x2000063c   COMPRESSED   0x00000010   Data   RW          136    .data..compoundliteral.88  network.o
    0x2000064c   COMPRESSED   0x00000010   Data   RW          137    .data..compoundliteral.89  network.o
    0x2000065c   COMPRESSED   0x00000010   Data   RW          142    .data..compoundliteral.94  network.o
    0x2000066c   COMPRESSED   0x00000010   Data   RW          143    .data..compoundliteral.95  network.o
    0x2000067c   COMPRESSED   0x00000010   Data   RW          145    .data..compoundliteral.97  network.o
    0x2000068c   COMPRESSED   0x00000010   Data   RW          146    .data..compoundliteral.98  network.o
    0x2000069c   COMPRESSED   0x00000004   Data   RW          835    .data.SystemCoreClock  system_stm32l4xx.o
    0x200006a0   COMPRESSED   0x0000001c   Data   RW          214    .data.conv2d_0_bias  network.o
    0x200006bc   COMPRESSED   0x00000060   Data   RW           68    .data.conv2d_0_layer  network.o
    0x2000071c   COMPRESSED   0x0000001c   Data   RW          176    .data.conv2d_0_output  network.o
    0x20000738   COMPRESSED   0x0000001c   Data   RW          217    .data.conv2d_0_scratch0  network.o
    0x20000754   COMPRESSED   0x0000001c   Data   RW          222    .data.conv2d_0_scratch1  network.o
    0x20000770   COMPRESSED   0x00000010   Data   RW          221    .data.conv2d_0_scratch1_array  network.o
    0x20000780   COMPRESSED   0x0000001c   Data   RW          208    .data.conv2d_0_weights  network.o
    0x2000079c   COMPRESSED   0x0000001c   Data   RW          189    .data.conv2d_2_bias  network.o
    0x200007b8   COMPRESSED   0x00000060   Data   RW           72    .data.conv2d_2_layer  network.o
    0x20000818   COMPRESSED   0x0000001c   Data   RW          163    .data.conv2d_2_output  network.o
    0x20000834   COMPRESSED   0x0000001c   Data   RW          192    .data.conv2d_2_scratch0  network.o
    0x20000850   COMPRESSED   0x0000001c   Data   RW          196    .data.conv2d_2_scratch1  network.o
    0x2000086c   COMPRESSED   0x0000001c   Data   RW          183    .data.conv2d_2_weights  network.o
    0x20000888   COMPRESSED   0x0000001c   Data   RW          144    .data.conv2d_4_bias  network.o
    0x200008a4   COMPRESSED   0x00000060   Data   RW           81    .data.conv2d_4_layer  network.o
    0x20000904   COMPRESSED   0x0000001c   Data   RW          107    .data.conv2d_4_output  network.o
    0x20000920   COMPRESSED   0x0000002c   Data   RW           76    .data.conv2d_4_pad_before_layer  network.o
    0x2000094c   COMPRESSED   0x0000001c   Data   RW          131    .data.conv2d_4_pad_before_output  network.o
    0x20000968   COMPRESSED   0x0000001c   Data   RW          147    .data.conv2d_4_scratch0  network.o
    0x20000984   COMPRESSED   0x0000001c   Data   RW          151    .data.conv2d_4_scratch1  network.o
    0x200009a0   COMPRESSED   0x0000001c   Data   RW          138    .data.conv2d_4_weights  network.o
    0x200009bc   COMPRESSED   0x00000004   Data   RW          277    .data.data_activations0  app_x-cube-ai.o
    0x200009c0   COMPRESSED   0x0000004c   Data   RW           50    .data.g_network     network.o
    0x20000a0c   COMPRESSED   0x0000001c   Data   RW          247    .data.g_network_data_map_activations  network_data.o
    0x20000a28   COMPRESSED   0x0000001c   Data   RW          249    .data.g_network_data_map_weights  network_data.o
    0x20000a44   COMPRESSED   0x0000001c   Data   RW          119    .data.gemm_6_bias   network.o
    0x20000a60   COMPRESSED   0x0000001c   Data   RW           77    .data.gemm_6_layer  network.o
    0x20000a7c   COMPRESSED   0x0000001c   Data   RW           94    .data.gemm_6_output  network.o
    0x20000a98   COMPRESSED   0x0000001c   Data   RW          122    .data.gemm_6_scratch0  network.o
    0x20000ab4   COMPRESSED   0x0000001c   Data   RW          114    .data.gemm_6_weights  network.o
    0x20000ad0   COMPRESSED   0x00000020   Data   RW           82    .data.nl_7_layer    network.o
    0x20000af0   COMPRESSED   0x0000001c   Data   RW           61    .data.nl_7_output   network.o
    0x20000b0c   COMPRESSED   0x0000001c   Data   RW           54    .data.serving_default_input_layer0_output  network.o
    0x20000b28   COMPRESSED   0x00000018   PAD
    0x20000b40        -       0x00000054   Zero   RW         2930    .bss                c_w.l(stdio_streams.o)
    0x20000b94        -       0x00000054   Zero   RW         2931    .bss                c_w.l(stdio_streams.o)
    0x20000be8        -       0x00000054   Zero   RW         2932    .bss                c_w.l(stdio_streams.o)
    0x20000c3c        -       0x00000060   Zero   RW         3017    .bss                c_w.l(libspace.o)
    0x20000c9c        -       0x00000014   Zero   RW          279    .bss..L_MergedGlobals  app_x-cube-ai.o
    0x20000cb0        -       0x00000008   Zero   RW          229    .bss..L_MergedGlobals.171  network.o
    0x20000cb8        -       0x0000001c   Zero   RW           41    .bss..compoundliteral.10  network.o
    0x20000cd4        -       0x00000004   Zero   RW          157    .bss..compoundliteral.108  network.o
    0x20000cd8        -       0x00000004   Zero   RW          158    .bss..compoundliteral.109  network.o
    0x20000cdc        -       0x00000008   Zero   RW           42    .bss..compoundliteral.11  network.o
    0x20000ce4        -       0x00000010   Zero   RW           45    .bss..compoundliteral.14  network.o
    0x20000cf4        -       0x0000001c   Zero   RW           46    .bss..compoundliteral.15  network.o
    0x20000d10        -       0x00000008   Zero   RW           47    .bss..compoundliteral.16  network.o
    0x20000d18        -       0x00000010   Zero   RW           67    .bss..compoundliteral.33  network.o
    0x20000d28        -       0x00000010   Zero   RW           71    .bss..compoundliteral.36  network.o
    0x20000d38        -       0x00000010   Zero   RW           79    .bss..compoundliteral.40  network.o
    0x20000d48        -       0x00000010   Zero   RW           80    .bss..compoundliteral.41  network.o
    0x20000d58        -       0x00000004   Zero   RW           88    .bss..compoundliteral.45  network.o
    0x20000d5c        -       0x00000004   Zero   RW           89    .bss..compoundliteral.46  network.o
    0x20000d60        -       0x00000010   Zero   RW           40    .bss..compoundliteral.9  network.o
    0x20000d70   COMPRESSED   0x00000010   PAD
    0x20000d80        -       0x000041a8   Zero   RW          276    .bss.pool0          app_x-cube-ai.o
    0x20004f28        -       0x00000004   Zero   RW          406    .bss.uwTick         stm32l4xx_hal.o
    0x20004f2c   COMPRESSED   0x00000004   PAD
    0x20004f30        -       0x00000800   Zero   RW            2    HEAP                startup_stm32l476xx.o
    0x20005730        -       0x00000800   Zero   RW            1    STACK               startup_stm32l476xx.o


==============================================================================

Image component sizes


      Code (inc. data)   RO Data    RW Data    ZI Data      Debug   Object Name

       308        124         50          4      16828       4159   app_x-cube-ai.o
       134          0          0          0          0       3184   main.o
       656          0        856       2740        192      16225   network.o
        56          0         16         88          0       3278   network_data.o
         0          0       4904          0          0        738   network_data_params.o
        64         26        392          0       4096        816   startup_stm32l476xx.o
       160          0          0          8          4       9193   stm32l4xx_hal.o
       162          0          0          0          0      10619   stm32l4xx_hal_cortex.o
        50          0          0          0          0       1533   stm32l4xx_hal_msp.o
       156          0          0          0          0       9869   stm32l4xx_hal_pwr_ex.o
      2570          0          0          0          0      11981   stm32l4xx_hal_rcc.o
        20          0          0          0          0       1112   stm32l4xx_it.o
        18          0         64          4          0       2904   system_stm32l4xx.o

    ----------------------------------------------------------------------
     60936        150       6367       2844      21164      75611   Object Totals
         0          0         32          0          0          0   (incl. Generated)
     56582          0         53          0         44          0   (incl. Padding)

    ----------------------------------------------------------------------

      Code (inc. data)   RO Data    RW Data    ZI Data      Debug   Library Member Name

       402         52          0          0          0        488   ai_datatypes_format.o
        52          6          0          0          0        232   ai_datatypes_internal.o
       158          8          0          0          0        368   ai_platform.o
      2236         76        104          0          0       2764   ai_platform_interface.o
        42          0          0          0          0        348   core_common.o
       102          0          0          0          0        248   core_utils.o
        86          0          0          0          0        148   forward_lite_avepool_is8os8.o
      2014          0          0          0          0        412   forward_lite_conv2d_sssa8_ch.o
       116          0          0          0          0        148   forward_lite_dense_is8os8ws8.o
       322          4          0          0          0        148   forward_lite_maxpool_is8os8.o
       326          4          0          0          0        148   forward_lite_maxpool_is8os8_scalepos.o
      1026          0          0          0          0        724   forward_lite_pad_generic.o
       226          6          0          0          0        628   layers.o
      2614         18        240          0          0        680   layers_conv2d_sssa8_ch.o
       386          0          0          0          0        260   layers_conv2d_stm32_integer.o
        34          0          0          0          0        116   layers_generic_float.o
       184          0          0          0          0        380   layers_nl_stm32_integer.o
       726          0          0          0          0        568   layers_pad_generic.o
       420          0          0          0          0        292   layers_pool_stm32_integer.o
       224          8          0          0          0        256   st_align_factor.o
        56          0          0          0          0        128   st_int16_fill.o
       244          0          0          0          0        256   st_int8_fill.o
       346          6          0          0          0        148   st_int8_pool.o
        82          0          0          0          0        132   st_int8_reordered_no_shift.o
      1564          0          0          0          0        544   st_int8_to16_no_shift.o
       226          0          0          0          0        248   st_padding_opt.o
       170          0          0          0          0        140   st_sssa8_ch_convolve.o
      2870          0          0          0          0          0   st_sssa8_ch_nn_mat_mult_deep_conv2d_3x3.o
       834          0          0          0          0          0   st_sssa8_ch_nn_mat_mult_kernel_opt.o
       630          0          0          0          0        148   st_sssa8_ch_nn_mat_mult_kernel_single_opt.o
       668          0          0          0          0        148   st_sssa8_dense.o
      1946          0          0          0          0          0   st_sssa8_dense_loop.o
        90          0          0          0          0          0   __dczerorl2.o
         8          0          0          0          0         68   __main.o
       318          4         17          0          0         92   __printf_flags_wp.o
        14          0          0          0          0         68   __printf_wp.o
         0          0          0          0          0          0   __rtentry.o
        12          0          0          0          0          0   __rtentry2.o
         6          0          0          0          0          0   __rtentry4.o
        94          8          0          0          0          0   __scatter.o
        28          0          0          0          0          0   __scatter_zi.o
        44          0          0          0          0        108   _printf_char.o
        48          6          0          0          0         96   _printf_char_common.o
        36          4          0          0          0         80   _printf_char_file.o
        88          4         40          0          0         88   _printf_hex_int.o
       178          0          0          0          0         88   _printf_intcommon.o
        78          0          0          0          0        108   _printf_pad.o
         0          0          0          0          0          0   _printf_percent.o
         4          0          0          0          0          0   _printf_percent_end.o
         6          0          0          0          0          0   _printf_s.o
        82          0          0          0          0         80   _printf_str.o
         6          0          0          0          0          0   _printf_x.o
        10          0          0          0          0         68   defsig_exit.o
        50          0          0          0          0         88   defsig_general.o
        80         58          0          0          0         76   defsig_rtmem_inner.o
        14          0          0          0          0         80   defsig_rtmem_outer.o
        52         38          0          0          0         76   defsig_rtred_inner.o
        14          0          0          0          0         80   defsig_rtred_outer.o
        18          0          0          0          0         80   exit.o
        76          0          0          0          0         88   fclose.o
         8          0          0          0          0         68   ferror.o
       488          0          0          0          0         92   flsbuf.o
       240          6          0          0          0        128   fopen.o
        28          0          0          0          0         68   fputc.o
       248          6          0          0          0         84   fseek.o
        66          0          0          0          0         76   ftell.o
        94          0          0          0          0         80   h1_alloc.o
        52          0          0          0          0         68   h1_extend.o
        78          0          0          0          0         80   h1_free.o
        12          0          0          0          0         84   h1_init.o
         6          0          0          0          0        152   heapauxi.o
         4          0          0          0          0        136   hguard.o
         0          0          0          0          0          0   indicate_semi.o
       138          0          0          0          0        168   init_alloc.o
       312         46          0          0          0        112   initio.o
         2          0          0          0          0          0   libinit.o
        18          0          0          0          0          0   libinit2.o
         2          0          0          0          0          0   libshutdown.o
         6          0          0          0          0          0   libshutdown2.o
         8          4          0          0         96         68   libspace.o
         0          0          0          0          0          0   maybetermalloc1.o
        88          0          0          0          0         76   memcmp.o
        24          4          0          0          0         84   noretval__2printf.o
        44          4          0          0          0         84   puts.o
         8          4          0          0          0         68   rt_errno_addr_intlibspace.o
         8          4          0          0          0         68   rt_heap_descriptor_intlibspace.o
        78          0          0          0          0         80   rt_memclr_w.o
       100          0          0          0          0         80   rt_memcpy_w.o
         2          0          0          0          0          0   rtexit.o
        10          0          0          0          0          0   rtexit2.o
        70          0          0          0          0         80   setvbuf.o
       270          6          0          0          0        160   stdio.o
         0          0          0         12        252          0   stdio_streams.o
        62          0          0          0          0         76   strlen.o
        12          4          0          0          0         68   sys_exit.o
       102          0          0          0          0        240   sys_io.o
         0          0         12          0          0          0   sys_io_names.o
        74          0          0          0          0         80   sys_stackheap_outer.o
        14          0          0          0          0         76   sys_wrch.o
         2          0          0          0          0         68   use_no_semi.o
       134          4          0          0          0        132   ffixll.o
       140          4          0          0          0        132   fnaninf.o
        26          0          0          0          0        116   fpinit.o
         0          0          0          0          0          0   usenofp.o

    ----------------------------------------------------------------------
     25920        406        413         12        348      15992   Library Totals
        56          0          0          0          0          0   (incl. Padding)

    ----------------------------------------------------------------------

      Code (inc. data)   RO Data    RW Data    ZI Data      Debug   Library Name

     21332        188        344          0          0      11248   NetworkRuntime1020_CM4_Keil.lib
      4232        210         69         12        348       4364   c_w.l
       300          8          0          0          0        380   fz_wm.l

    ----------------------------------------------------------------------
     25920        406        413         12        348      15992   Library Totals

    ----------------------------------------------------------------------

==============================================================================


      Code (inc. data)   RO Data    RW Data    ZI Data      Debug   

     86856        556       6780       2856      21512      81231   Grand Totals
     86856        556       6780       1120      21512      81231   ELF Image Totals (compressed)
     86856        556       6780       1120          0          0   ROM Totals

==============================================================================

    Total RO  Size (Code + RO Data)                93636 (  91.44kB)
    Total RW  Size (RW Data + ZI Data)             24368 (  23.80kB)
    Total ROM Size (Code + RO Data + RW Data)      94756 (  92.54kB)

==============================================================================

